Component: ARM Compiler 6.14.1 Tool: armlink [5db06d00]

==============================================================================

Section Cross References

    button.o(.text._Z11read_buttonv) refers to button.o(.data._ZL3key) for _ZL3key
    button.o(.ARM.exidx.text._Z11read_buttonv) refers to button.o(.text._Z11read_buttonv) for [Anonymous Symbol]
    button.o(.ARM.exidx.text._Z9on_buttonb) refers to button.o(.text._Z9on_buttonb) for [Anonymous Symbol]
    button.o(.text._Z6buttonv) refers to button.o(.bss._ZZ6buttonvE5count) for button()::count
    button.o(.text._Z6buttonv) refers to button.o(.data._ZL3key) for _ZL3key
    button.o(.text._Z6buttonv) refers to main.o(.text._Z9on_buttonb) for on_button(bool)
    button.o(.ARM.exidx.text._Z6buttonv) refers to button.o(.text._Z6buttonv) for [Anonymous Symbol]
    car.o(.text) refers (Special) to _printf_d.o(.ARM.Collect$$_printf_percent$$00000009) for _printf_d
    car.o(.text) refers (Special) to _printf_dec.o(.text) for _printf_int_dec
    car.o(.text) refers (Special) to _printf_percent.o(.ARM.Collect$$_printf_percent$$00000000) for _printf_percent
    car.o(.text._ZN3Car12checkFlagY_2Ev) refers (Special) to _printf_d.o(.ARM.Collect$$_printf_percent$$00000009) for _printf_d
    car.o(.text._ZN3Car12checkFlagY_2Ev) refers (Special) to _printf_dec.o(.text) for _printf_int_dec
    car.o(.text._ZN3Car12checkFlagY_2Ev) refers (Special) to _printf_percent.o(.ARM.Collect$$_printf_percent$$00000000) for _printf_percent
    car.o(.text._ZN3Car12checkFlagY_2Ev) refers to led.o(.text._Z3led9led_color9led_state) for led(led_color, led_state)
    car.o(.ARM.exidx.text._ZN3Car12checkFlagY_2Ev) refers (Special) to _printf_d.o(.ARM.Collect$$_printf_percent$$00000009) for _printf_d
    car.o(.ARM.exidx.text._ZN3Car12checkFlagY_2Ev) refers (Special) to _printf_dec.o(.text) for _printf_int_dec
    car.o(.ARM.exidx.text._ZN3Car12checkFlagY_2Ev) refers (Special) to _printf_percent.o(.ARM.Collect$$_printf_percent$$00000000) for _printf_percent
    car.o(.ARM.exidx.text._ZN3Car12checkFlagY_2Ev) refers to car.o(.text._ZN3Car12checkFlagY_2Ev) for [Anonymous Symbol]
    car.o(.text._ZN3Car24calculateError_innerYKDJEv) refers (Special) to _printf_d.o(.ARM.Collect$$_printf_percent$$00000009) for _printf_d
    car.o(.text._ZN3Car24calculateError_innerYKDJEv) refers (Special) to _printf_dec.o(.text) for _printf_int_dec
    car.o(.text._ZN3Car24calculateError_innerYKDJEv) refers (Special) to _printf_percent.o(.ARM.Collect$$_printf_percent$$00000000) for _printf_percent
    car.o(.ARM.exidx.text._ZN3Car24calculateError_innerYKDJEv) refers (Special) to _printf_d.o(.ARM.Collect$$_printf_percent$$00000009) for _printf_d
    car.o(.ARM.exidx.text._ZN3Car24calculateError_innerYKDJEv) refers (Special) to _printf_dec.o(.text) for _printf_int_dec
    car.o(.ARM.exidx.text._ZN3Car24calculateError_innerYKDJEv) refers (Special) to _printf_percent.o(.ARM.Collect$$_printf_percent$$00000000) for _printf_percent
    car.o(.ARM.exidx.text._ZN3Car24calculateError_innerYKDJEv) refers to car.o(.text._ZN3Car24calculateError_innerYKDJEv) for [Anonymous Symbol]
    car.o(.text._ZN3Car10checkFlagYEv) refers (Special) to _printf_d.o(.ARM.Collect$$_printf_percent$$00000009) for _printf_d
    car.o(.text._ZN3Car10checkFlagYEv) refers (Special) to _printf_dec.o(.text) for _printf_int_dec
    car.o(.text._ZN3Car10checkFlagYEv) refers (Special) to _printf_percent.o(.ARM.Collect$$_printf_percent$$00000000) for _printf_percent
    car.o(.ARM.exidx.text._ZN3Car10checkFlagYEv) refers (Special) to _printf_d.o(.ARM.Collect$$_printf_percent$$00000009) for _printf_d
    car.o(.ARM.exidx.text._ZN3Car10checkFlagYEv) refers (Special) to _printf_dec.o(.text) for _printf_int_dec
    car.o(.ARM.exidx.text._ZN3Car10checkFlagYEv) refers (Special) to _printf_percent.o(.ARM.Collect$$_printf_percent$$00000000) for _printf_percent
    car.o(.ARM.exidx.text._ZN3Car10checkFlagYEv) refers to car.o(.text._ZN3Car10checkFlagYEv) for [Anonymous Symbol]
    car.o(.text._ZN3Car20calculateError_innerEv) refers (Special) to _printf_d.o(.ARM.Collect$$_printf_percent$$00000009) for _printf_d
    car.o(.text._ZN3Car20calculateError_innerEv) refers (Special) to _printf_dec.o(.text) for _printf_int_dec
    car.o(.text._ZN3Car20calculateError_innerEv) refers (Special) to _printf_percent.o(.ARM.Collect$$_printf_percent$$00000000) for _printf_percent
    car.o(.ARM.exidx.text._ZN3Car20calculateError_innerEv) refers (Special) to _printf_d.o(.ARM.Collect$$_printf_percent$$00000009) for _printf_d
    car.o(.ARM.exidx.text._ZN3Car20calculateError_innerEv) refers (Special) to _printf_dec.o(.text) for _printf_int_dec
    car.o(.ARM.exidx.text._ZN3Car20calculateError_innerEv) refers (Special) to _printf_percent.o(.ARM.Collect$$_printf_percent$$00000000) for _printf_percent
    car.o(.ARM.exidx.text._ZN3Car20calculateError_innerEv) refers to car.o(.text._ZN3Car20calculateError_innerEv) for [Anonymous Symbol]
[...]
    Removing stm32f10x_spi.o(.text.SPI_I2S_ITConfig), (32 bytes).
    Removing stm32f10x_spi.o(.ARM.exidx.text.SPI_I2S_ITConfig), (8 bytes).
    Removing stm32f10x_spi.o(.text.SPI_I2S_DMACmd), (16 bytes).
    Removing stm32f10x_spi.o(.ARM.exidx.text.SPI_I2S_DMACmd), (8 bytes).
    Removing stm32f10x_spi.o(.text.SPI_I2S_SendData), (4 bytes).
    Removing stm32f10x_spi.o(.ARM.exidx.text.SPI_I2S_SendData), (8 bytes).
    Removing stm32f10x_spi.o(.text.SPI_I2S_ReceiveData), (4 bytes).
    Removing stm32f10x_spi.o(.ARM.exidx.text.SPI_I2S_ReceiveData), (8 bytes).
    Removing stm32f10x_spi.o(.text.SPI_NSSInternalSoftwareConfig), (24 bytes).
    Removing stm32f10x_spi.o(.ARM.exidx.text.SPI_NSSInternalSoftwareConfig), (8 bytes).
    Removing stm32f10x_spi.o(.text.SPI_SSOutputCmd), (18 bytes).
    Removing stm32f10x_spi.o(.ARM.exidx.text.SPI_SSOutputCmd), (8 bytes).
    Removing stm32f10x_spi.o(.text.SPI_DataSizeConfig), (16 bytes).
    Removing stm32f10x_spi.o(.ARM.exidx.text.SPI_DataSizeConfig), (8 bytes).
    Removing stm32f10x_spi.o(.text.SPI_TransmitCRC), (10 bytes).
    Removing stm32f10x_spi.o(.ARM.exidx.text.SPI_TransmitCRC), (8 bytes).
    Removing stm32f10x_spi.o(.text.SPI_CalculateCRC), (18 bytes).
    Removing stm32f10x_spi.o(.ARM.exidx.text.SPI_CalculateCRC), (8 bytes).
    Removing stm32f10x_spi.o(.text.SPI_GetCRC), (12 bytes).
    Removing stm32f10x_spi.o(.ARM.exidx.text.SPI_GetCRC), (8 bytes).
    Removing stm32f10x_spi.o(.text.SPI_GetCRCPolynomial), (4 bytes).
    Removing stm32f10x_spi.o(.ARM.exidx.text.SPI_GetCRCPolynomial), (8 bytes).
    Removing stm32f10x_spi.o(.text.SPI_BiDirectionalLineConfig), (20 bytes).
    Removing stm32f10x_spi.o(.ARM.exidx.text.SPI_BiDirectionalLineConfig), (8 bytes).
    Removing stm32f10x_spi.o(.text.SPI_I2S_GetFlagStatus), (10 bytes).
    Removing stm32f10x_spi.o(.ARM.exidx.text.SPI_I2S_GetFlagStatus), (8 bytes).
    Removing stm32f10x_spi.o(.text.SPI_I2S_ClearFlag), (6 bytes).
    Removing stm32f10x_spi.o(.ARM.exidx.text.SPI_I2S_ClearFlag), (8 bytes).
    Removing stm32f10x_spi.o(.text.SPI_I2S_GetITStatus), (34 bytes).
    Removing stm32f10x_spi.o(.ARM.exidx.text.SPI_I2S_GetITStatus), (8 bytes).
    Removing stm32f10x_spi.o(.text.SPI_I2S_ClearITPendingBit), (16 bytes).
    Removing stm32f10x_spi.o(.ARM.exidx.text.SPI_I2S_ClearITPendingBit), (8 bytes).
    Removing stm32f10x_tim.o(.text), (0 bytes).
    Removing stm32f10x_tim.o(.text.TIM_DeInit), (558 bytes).
    Removing stm32f10x_tim.o(.ARM.exidx.text.TIM_DeInit), (8 bytes).
    Removing stm32f10x_tim.o(.text.TIM_TimeBaseInit), (170 bytes).
    Removing stm32f10x_tim.o(.ARM.exidx.text.TIM_TimeBaseInit), (8 bytes).
    Removing stm32f10x_tim.o(.text.TIM_OC1Init), (118 bytes).
    Removing stm32f10x_tim.o(.ARM.exidx.text.TIM_OC1Init), (8 bytes).
    Removing stm32f10x_tim.o(.text.TIM_OC2Init), (122 bytes).
    Removing stm32f10x_tim.o(.ARM.exidx.text.TIM_OC2Init), (8 bytes).
    Removing stm32f10x_tim.o(.text.TIM_OC3Init), (122 bytes).
    Removing stm32f10x_tim.o(.ARM.exidx.text.TIM_OC3Init), (8 bytes).
    Removing stm32f10x_tim.o(.text.TIM_OC4Init), (94 bytes).
    Removing stm32f10x_tim.o(.ARM.exidx.text.TIM_OC4Init), (8 bytes).
    Removing stm32f10x_tim.o(.text.TIM_ICInit), (98 bytes).
    Removing stm32f10x_tim.o(.ARM.exidx.text.TIM_ICInit), (8 bytes).
    Removing stm32f10x_tim.o(.text.TI1_Config), (132 bytes).
    Removing stm32f10x_tim.o(.ARM.exidx.text.TI1_Config), (8 bytes).
    Removing stm32f10x_tim.o(.text.TIM_SetIC1Prescaler), (16 bytes).
    Removing stm32f10x_tim.o(.ARM.exidx.text.TIM_SetIC1Prescaler), (8 bytes).
    Removing stm32f10x_tim.o(.text.TI2_Config), (144 bytes).
    Removing stm32f10x_tim.o(.ARM.exidx.text.TI2_Config), (8 bytes).
    Removing stm32f10x_tim.o(.text.TIM_SetIC2Prescaler), (18 bytes).
    Removing stm32f10x_tim.o(.ARM.exidx.text.TIM_SetIC2Prescaler), (8 bytes).
    Removing stm32f10x_tim.o(.text.TI3_Config), (138 bytes).
    Removing stm32f10x_tim.o(.ARM.exidx.text.TI3_Config), (8 bytes).
    Removing stm32f10x_tim.o(.text.TIM_SetIC3Prescaler), (16 bytes).
    Removing stm32f10x_tim.o(.ARM.exidx.text.TIM_SetIC3Prescaler), (8 bytes).
    Removing stm32f10x_tim.o(.text.TI4_Config), (148 bytes).
    Removing stm32f10x_tim.o(.ARM.exidx.text.TI4_Config), (8 bytes).
    Removing stm32f10x_tim.o(.text.TIM_SetIC4Prescaler), (18 bytes).
    Removing stm32f10x_tim.o(.ARM.exidx.text.TIM_SetIC4Prescaler), (8 bytes).
    Removing stm32f10x_tim.o(.text.TIM_PWMIConfig), (112 bytes).
    Removing stm32f10x_tim.o(.ARM.exidx.text.TIM_PWMIConfig), (8 bytes).
    Removing stm32f10x_tim.o(.text.TIM_BDTRConfig), (40 bytes).
    Removing stm32f10x_tim.o(.ARM.exidx.text.TIM_BDTRConfig), (8 bytes).
    Removing stm32f10x_tim.o(.text.TIM_TimeBaseStructInit), (20 bytes).
    Removing stm32f10x_tim.o(.ARM.exidx.text.TIM_TimeBaseStructInit), (8 bytes).
    Removing stm32f10x_tim.o(.text.TIM_OCStructInit), (12 bytes).
    Removing stm32f10x_tim.o(.ARM.exidx.text.TIM_OCStructInit), (8 bytes).
    Removing stm32f10x_tim.o(.text.TIM_ICStructInit), (12 bytes).
    Removing stm32f10x_tim.o(.ARM.exidx.text.TIM_ICStructInit), (8 bytes).
    Removing stm32f10x_tim.o(.text.TIM_BDTRStructInit), (12 bytes).
    Removing stm32f10x_tim.o(.ARM.exidx.text.TIM_BDTRStructInit), (8 bytes).
    Removing stm32f10x_tim.o(.text.TIM_Cmd), (18 bytes).
    Removing stm32f10x_tim.o(.ARM.exidx.text.TIM_Cmd), (8 bytes).
    Removing stm32f10x_tim.o(.text.TIM_CtrlPWMOutputs), (24 bytes).
    Removing stm32f10x_tim.o(.ARM.exidx.text.TIM_CtrlPWMOutputs), (8 bytes).
    Removing stm32f10x_tim.o(.text.TIM_ITConfig), (16 bytes).
    Removing stm32f10x_tim.o(.ARM.exidx.text.TIM_ITConfig), (8 bytes).
    Removing stm32f10x_tim.o(.text.TIM_GenerateEvent), (4 bytes).
    Removing stm32f10x_tim.o(.ARM.exidx.text.TIM_GenerateEvent), (8 bytes).
    Removing stm32f10x_tim.o(.text.TIM_DMAConfig), (8 bytes).
    Removing stm32f10x_tim.o(.ARM.exidx.text.TIM_DMAConfig), (8 bytes).
    Removing stm32f10x_tim.o(.text.TIM_DMACmd), (16 bytes).
    Removing stm32f10x_tim.o(.ARM.exidx.text.TIM_DMACmd), (8 bytes).
    Removing stm32f10x_tim.o(.text.TIM_InternalClockConfig), (10 bytes).
    Removing stm32f10x_tim.o(.ARM.exidx.text.TIM_InternalClockConfig), (8 bytes).
    Removing stm32f10x_tim.o(.text.TIM_ITRxExternalClockConfig), (18 bytes).
    Removing stm32f10x_tim.o(.ARM.exidx.text.TIM_ITRxExternalClockConfig), (8 bytes).
    Removing stm32f10x_tim.o(.text.TIM_SelectInputTrigger), (12 bytes).
    Removing stm32f10x_tim.o(.ARM.exidx.text.TIM_SelectInputTrigger), (8 bytes).
    Removing stm32f10x_tim.o(.text.TIM_TIxExternalClockConfig), (44 bytes).
    Removing stm32f10x_tim.o(.ARM.exidx.text.TIM_TIxExternalClockConfig), (8 bytes).
    Removing stm32f10x_tim.o(.text.TIM_ETRClockMode1Config), (18 bytes).
    Removing stm32f10x_tim.o(.ARM.exidx.text.TIM_ETRClockMode1Config), (8 bytes).
    Removing stm32f10x_tim.o(.text.TIM_ETRConfig), (22 bytes).
    Removing stm32f10x_tim.o(.ARM.exidx.text.TIM_ETRConfig), (8 bytes).
    Removing stm32f10x_tim.o(.text.TIM_ETRClockMode2Config), (18 bytes).
    Removing stm32f10x_tim.o(.ARM.exidx.text.TIM_ETRClockMode2Config), (8 bytes).
    Removing stm32f10x_tim.o(.text.TIM_PrescalerConfig), (6 bytes).
    Removing stm32f10x_tim.o(.ARM.exidx.text.TIM_PrescalerConfig), (8 bytes).
    Removing stm32f10x_tim.o(.text.TIM_CounterModeConfig), (12 bytes).
    Removing stm32f10x_tim.o(.ARM.exidx.text.TIM_CounterModeConfig), (8 bytes).
    Removing stm32f10x_tim.o(.text.TIM_EncoderInterfaceConfig), (48 bytes).
    Removing stm32f10x_tim.o(.ARM.exidx.text.TIM_EncoderInterfaceConfig), (8 bytes).
    Removing stm32f10x_tim.o(.text.TIM_ForcedOC1Config), (12 bytes).
    Removing stm32f10x_tim.o(.ARM.exidx.text.TIM_ForcedOC1Config), (8 bytes).
    Removing stm32f10x_tim.o(.text.TIM_ForcedOC2Config), (14 bytes).
    Removing stm32f10x_tim.o(.ARM.exidx.text.TIM_ForcedOC2Config), (8 bytes).
    Removing stm32f10x_tim.o(.text.TIM_ForcedOC3Config), (12 bytes).
    Removing stm32f10x_tim.o(.ARM.exidx.text.TIM_ForcedOC3Config), (8 bytes).
    Removing stm32f10x_tim.o(.text.TIM_ForcedOC4Config), (14 bytes).
    Removing stm32f10x_tim.o(.ARM.exidx.text.TIM_ForcedOC4Config), (8 bytes).
    Removing stm32f10x_tim.o(.text.TIM_ARRPreloadConfig), (18 bytes).
    Removing stm32f10x_tim.o(.ARM.exidx.text.TIM_ARRPreloadConfig), (8 bytes).
    Removing stm32f10x_tim.o(.text.TIM_SelectCOM), (18 bytes).
    Removing stm32f10x_tim.o(.ARM.exidx.text.TIM_SelectCOM), (8 bytes).
    Removing stm32f10x_tim.o(.text.TIM_SelectCCDMA), (18 bytes).
    Removing stm32f10x_tim.o(.ARM.exidx.text.TIM_SelectCCDMA), (8 bytes).
    Removing stm32f10x_tim.o(.text.TIM_CCPreloadControl), (18 bytes).
    Removing stm32f10x_tim.o(.ARM.exidx.text.TIM_CCPreloadControl), (8 bytes).
    Removing stm32f10x_tim.o(.text.TIM_OC1PreloadConfig), (12 bytes).
    Removing stm32f10x_tim.o(.ARM.exidx.text.TIM_OC1PreloadConfig), (8 bytes).
    Removing stm32f10x_tim.o(.text.TIM_OC2PreloadConfig), (14 bytes).
    Removing stm32f10x_tim.o(.ARM.exidx.text.TIM_OC2PreloadConfig), (8 bytes).
    Removing stm32f10x_tim.o(.text.TIM_OC3PreloadConfig), (12 bytes).
    Removing stm32f10x_tim.o(.ARM.exidx.text.TIM_OC3PreloadConfig), (8 bytes).
    Removing stm32f10x_tim.o(.text.TIM_OC4PreloadConfig), (14 bytes).
    Removing stm32f10x_tim.o(.ARM.exidx.text.TIM_OC4PreloadConfig), (8 bytes).
    Removing stm32f10x_tim.o(.text.TIM_OC1FastConfig), (12 bytes).
    Removing stm32f10x_tim.o(.ARM.exidx.text.TIM_OC1FastConfig), (8 bytes).
    Removing stm32f10x_tim.o(.text.TIM_OC2FastConfig), (14 bytes).
    Removing stm32f10x_tim.o(.ARM.exidx.text.TIM_OC2FastConfig), (8 bytes).
    Removing stm32f10x_tim.o(.text.TIM_OC3FastConfig), (12 bytes).
    Removing stm32f10x_tim.o(.ARM.exidx.text.TIM_OC3FastConfig), (8 bytes).
    Removing stm32f10x_tim.o(.text.TIM_OC4FastConfig), (14 bytes).
    Removing stm32f10x_tim.o(.ARM.exidx.text.TIM_OC4FastConfig), (8 bytes).
    Removing stm32f10x_tim.o(.text.TIM_ClearOC1Ref), (12 bytes).
    Removing stm32f10x_tim.o(.ARM.exidx.text.TIM_ClearOC1Ref), (8 bytes).
    Removing stm32f10x_tim.o(.text.TIM_ClearOC2Ref), (14 bytes).
    Removing stm32f10x_tim.o(.ARM.exidx.text.TIM_ClearOC2Ref), (8 bytes).
    Removing stm32f10x_tim.o(.text.TIM_ClearOC3Ref), (12 bytes).
    Removing stm32f10x_tim.o(.ARM.exidx.text.TIM_ClearOC3Ref), (8 bytes).
    Removing stm32f10x_tim.o(.text.TIM_ClearOC4Ref), (14 bytes).
    Removing stm32f10x_tim.o(.ARM.exidx.text.TIM_ClearOC4Ref), (8 bytes).
    Removing stm32f10x_tim.o(.text.TIM_OC1PolarityConfig), (12 bytes).
    Removing stm32f10x_tim.o(.ARM.exidx.text.TIM_OC1PolarityConfig), (8 bytes).
    Removing stm32f10x_tim.o(.text.TIM_OC1NPolarityConfig), (12 bytes).
    Removing stm32f10x_tim.o(.ARM.exidx.text.TIM_OC1NPolarityConfig), (8 bytes).
    Removing stm32f10x_tim.o(.text.TIM_OC2PolarityConfig), (14 bytes).
    Removing stm32f10x_tim.o(.ARM.exidx.text.TIM_OC2PolarityConfig), (8 bytes).
    Removing stm32f10x_tim.o(.text.TIM_OC2NPolarityConfig), (14 bytes).
    Removing stm32f10x_tim.o(.ARM.exidx.text.TIM_OC2NPolarityConfig), (8 bytes).
    Removing stm32f10x_tim.o(.text.TIM_OC3PolarityConfig), (14 bytes).
    Removing stm32f10x_tim.o(.ARM.exidx.text.TIM_OC3PolarityConfig), (8 bytes).
    Removing stm32f10x_tim.o(.text.TIM_OC3NPolarityConfig), (14 bytes).
    Removing stm32f10x_tim.o(.ARM.exidx.text.TIM_OC3NPolarityConfig), (8 bytes).
    Removing stm32f10x_tim.o(.text.TIM_OC4PolarityConfig), (14 bytes).
    Removing stm32f10x_tim.o(.ARM.exidx.text.TIM_OC4PolarityConfig), (8 bytes).
    Removing stm32f10x_tim.o(.text.TIM_CCxCmd), (32 bytes).
    Removing stm32f10x_tim.o(.ARM.exidx.text.TIM_CCxCmd), (8 bytes).
    Removing stm32f10x_tim.o(.text.TIM_CCxNCmd), (32 bytes).
    Removing stm32f10x_tim.o(.ARM.exidx.text.TIM_CCxNCmd), (8 bytes).
    Removing stm32f10x_tim.o(.text.TIM_SelectOCxM), (82 bytes).
    Removing stm32f10x_tim.o(.ARM.exidx.text.TIM_SelectOCxM), (8 bytes).
    Removing stm32f10x_tim.o(.text.TIM_UpdateDisableConfig), (18 bytes).
    Removing stm32f10x_tim.o(.ARM.exidx.text.TIM_UpdateDisableConfig), (8 bytes).
    Removing stm32f10x_tim.o(.text.TIM_UpdateRequestConfig), (18 bytes).
    Removing stm32f10x_tim.o(.ARM.exidx.text.TIM_UpdateRequestConfig), (8 bytes).
    Removing stm32f10x_tim.o(.text.TIM_SelectHallSensor), (18 bytes).
    Removing stm32f10x_tim.o(.ARM.exidx.text.TIM_SelectHallSensor), (8 bytes).
    Removing stm32f10x_tim.o(.text.TIM_SelectOnePulseMode), (16 bytes).
    Removing stm32f10x_tim.o(.ARM.exidx.text.TIM_SelectOnePulseMode), (8 bytes).
    Removing stm32f10x_tim.o(.text.TIM_SelectOutputTrigger), (16 bytes).
    Removing stm32f10x_tim.o(.ARM.exidx.text.TIM_SelectOutputTrigger), (8 bytes).
    Removing stm32f10x_tim.o(.text.TIM_SelectSlaveMode), (16 bytes).
    Removing stm32f10x_tim.o(.ARM.exidx.text.TIM_SelectSlaveMode), (8 bytes).
    Removing stm32f10x_tim.o(.text.TIM_SelectMasterSlaveMode), (16 bytes).
    Removing stm32f10x_tim.o(.ARM.exidx.text.TIM_SelectMasterSlaveMode), (8 bytes).
    Removing stm32f10x_tim.o(.text.TIM_SetCounter), (4 bytes).
    Removing stm32f10x_tim.o(.ARM.exidx.text.TIM_SetCounter), (8 bytes).
    Removing stm32f10x_tim.o(.text.TIM_SetAutoreload), (4 bytes).
    Removing stm32f10x_tim.o(.ARM.exidx.text.TIM_SetAutoreload), (8 bytes).
    Removing stm32f10x_tim.o(.text.TIM_SetCompare1), (4 bytes).
    Removing stm32f10x_tim.o(.ARM.exidx.text.TIM_SetCompare1), (8 bytes).
    Removing stm32f10x_tim.o(.text.TIM_SetCompare2), (4 bytes).
    Removing stm32f10x_tim.o(.ARM.exidx.text.TIM_SetCompare2), (8 bytes).
    Removing stm32f10x_tim.o(.text.TIM_SetCompare3), (4 bytes).
    Removing stm32f10x_tim.o(.ARM.exidx.text.TIM_SetCompare3), (8 bytes).
    Removing stm32f10x_tim.o(.text.TIM_SetCompare4), (6 bytes).
    Removing stm32f10x_tim.o(.ARM.exidx.text.TIM_SetCompare4), (8 bytes).
    Removing stm32f10x_tim.o(.text.TIM_SetClockDivision), (16 bytes).
    Removing stm32f10x_tim.o(.ARM.exidx.text.TIM_SetClockDivision), (8 bytes).
    Removing stm32f10x_tim.o(.text.TIM_GetCapture1), (4 bytes).
    Removing stm32f10x_tim.o(.ARM.exidx.text.TIM_GetCapture1), (8 bytes).
    Removing stm32f10x_tim.o(.text.TIM_GetCapture2), (4 bytes).
    Removing stm32f10x_tim.o(.ARM.exidx.text.TIM_GetCapture2), (8 bytes).
    Removing stm32f10x_tim.o(.text.TIM_GetCapture3), (4 bytes).
    Removing stm32f10x_tim.o(.ARM.exidx.text.TIM_GetCapture3), (8 bytes).
    Removing stm32f10x_tim.o(.text.TIM_GetCapture4), (6 bytes).
    Removing stm32f10x_tim.o(.ARM.exidx.text.TIM_GetCapture4), (8 bytes).
    Removing stm32f10x_tim.o(.text.TIM_GetCounter), (4 bytes).
    Removing stm32f10x_tim.o(.ARM.exidx.text.TIM_GetCounter), (8 bytes).
    Removing stm32f10x_tim.o(.text.TIM_GetPrescaler), (4 bytes).
    Removing stm32f10x_tim.o(.ARM.exidx.text.TIM_GetPrescaler), (8 bytes).
    Removing stm32f10x_tim.o(.text.TIM_GetFlagStatus), (10 bytes).
    Removing stm32f10x_tim.o(.ARM.exidx.text.TIM_GetFlagStatus), (8 bytes).
    Removing stm32f10x_tim.o(.text.TIM_ClearFlag), (6 bytes).
    Removing stm32f10x_tim.o(.ARM.exidx.text.TIM_ClearFlag), (8 bytes).
    Removing stm32f10x_tim.o(.text.TIM_GetITStatus), (20 bytes).
    Removing stm32f10x_tim.o(.ARM.exidx.text.TIM_GetITStatus), (8 bytes).
    Removing stm32f10x_tim.o(.text.TIM_ClearITPendingBit), (6 bytes).
    Removing stm32f10x_tim.o(.ARM.exidx.text.TIM_ClearITPendingBit), (8 bytes).
    Removing stm32f10x_usart.o(.text), (0 bytes).
    Removing stm32f10x_usart.o(.text.USART_DeInit), (174 bytes).
    Removing stm32f10x_usart.o(.ARM.exidx.text.USART_DeInit), (8 bytes).
    Removing stm32f10x_usart.o(.text.USART_Init), (178 bytes).
    Removing stm32f10x_usart.o(.ARM.exidx.text.USART_Init), (8 bytes).
    Removing stm32f10x_usart.o(.text.USART_StructInit), (18 bytes).
    Removing stm32f10x_usart.o(.ARM.exidx.text.USART_StructInit), (8 bytes).
    Removing stm32f10x_usart.o(.text.USART_ClockInit), (34 bytes).
    Removing stm32f10x_usart.o(.ARM.exidx.text.USART_ClockInit), (8 bytes).
    Removing stm32f10x_usart.o(.text.USART_ClockStructInit), (8 bytes).
    Removing stm32f10x_usart.o(.ARM.exidx.text.USART_ClockStructInit), (8 bytes).
    Removing stm32f10x_usart.o(.text.USART_Cmd), (18 bytes).
    Removing stm32f10x_usart.o(.ARM.exidx.text.USART_Cmd), (8 bytes).
    Removing stm32f10x_usart.o(.text.USART_ITConfig), (46 bytes).
    Removing stm32f10x_usart.o(.ARM.exidx.text.USART_ITConfig), (8 bytes).
    Removing stm32f10x_usart.o(.text.USART_DMACmd), (16 bytes).
    Removing stm32f10x_usart.o(.ARM.exidx.text.USART_DMACmd), (8 bytes).
    Removing stm32f10x_usart.o(.text.USART_SetAddress), (16 bytes).
    Removing stm32f10x_usart.o(.ARM.exidx.text.USART_SetAddress), (8 bytes).
    Removing stm32f10x_usart.o(.text.USART_WakeUpConfig), (16 bytes).
    Removing stm32f10x_usart.o(.ARM.exidx.text.USART_WakeUpConfig), (8 bytes).
    Removing stm32f10x_usart.o(.text.USART_ReceiverWakeUpCmd), (18 bytes).
    Removing stm32f10x_usart.o(.ARM.exidx.text.USART_ReceiverWakeUpCmd), (8 bytes).
    Removing stm32f10x_usart.o(.text.USART_LINBreakDetectLengthConfig), (16 bytes).
    Removing stm32f10x_usart.o(.ARM.exidx.text.USART_LINBreakDetectLengthConfig), (8 bytes).
    Removing stm32f10x_usart.o(.text.USART_LINCmd), (18 bytes).
    Removing stm32f10x_usart.o(.ARM.exidx.text.USART_LINCmd), (8 bytes).
    Removing stm32f10x_usart.o(.text.USART_SendData), (8 bytes).
    Removing stm32f10x_usart.o(.ARM.exidx.text.USART_SendData), (8 bytes).
    Removing stm32f10x_usart.o(.text.USART_ReceiveData), (8 bytes).
    Removing stm32f10x_usart.o(.ARM.exidx.text.USART_ReceiveData), (8 bytes).
    Removing stm32f10x_usart.o(.text.USART_SendBreak), (10 bytes).
    Removing stm32f10x_usart.o(.ARM.exidx.text.USART_SendBreak), (8 bytes).
    Removing stm32f10x_usart.o(.text.USART_SetGuardTime), (16 bytes).
    Removing stm32f10x_usart.o(.ARM.exidx.text.USART_SetGuardTime), (8 bytes).
    Removing stm32f10x_usart.o(.text.USART_SetPrescaler), (16 bytes).
    Removing stm32f10x_usart.o(.ARM.exidx.text.USART_SetPrescaler), (8 bytes).
    Removing stm32f10x_usart.o(.text.USART_SmartCardCmd), (18 bytes).
    Removing stm32f10x_usart.o(.ARM.exidx.text.USART_SmartCardCmd), (8 bytes).
    Removing stm32f10x_usart.o(.text.USART_SmartCardNACKCmd), (18 bytes).
    Removing stm32f10x_usart.o(.ARM.exidx.text.USART_SmartCardNACKCmd), (8 bytes).
    Removing stm32f10x_usart.o(.text.USART_HalfDuplexCmd), (18 bytes).
    Removing stm32f10x_usart.o(.ARM.exidx.text.USART_HalfDuplexCmd), (8 bytes).
    Removing stm32f10x_usart.o(.text.USART_OverSampling8Cmd), (20 bytes).
    Removing stm32f10x_usart.o(.ARM.exidx.text.USART_OverSampling8Cmd), (8 bytes).
    Removing stm32f10x_usart.o(.text.USART_OneBitMethodCmd), (18 bytes).
    Removing stm32f10x_usart.o(.ARM.exidx.text.USART_OneBitMethodCmd), (8 bytes).
    Removing stm32f10x_usart.o(.text.USART_IrDAConfig), (16 bytes).
    Removing stm32f10x_usart.o(.ARM.exidx.text.USART_IrDAConfig), (8 bytes).
    Removing stm32f10x_usart.o(.text.USART_IrDACmd), (18 bytes).
    Removing stm32f10x_usart.o(.ARM.exidx.text.USART_IrDACmd), (8 bytes).
    Removing stm32f10x_usart.o(.text.USART_GetFlagStatus), (10 bytes).
    Removing stm32f10x_usart.o(.ARM.exidx.text.USART_GetFlagStatus), (8 bytes).
    Removing stm32f10x_usart.o(.text.USART_ClearFlag), (6 bytes).
    Removing stm32f10x_usart.o(.ARM.exidx.text.USART_ClearFlag), (8 bytes).
    Removing stm32f10x_usart.o(.text.USART_GetITStatus), (58 bytes).
    Removing stm32f10x_usart.o(.ARM.exidx.text.USART_GetITStatus), (8 bytes).
    Removing stm32f10x_usart.o(.text.USART_ClearITPendingBit), (14 bytes).
    Removing stm32f10x_usart.o(.ARM.exidx.text.USART_ClearITPendingBit), (8 bytes).
    Removing system_stm32f10x.o(.text), (0 bytes).
    Removing system_stm32f10x.o(.ARM.exidx.text.SystemInit), (8 bytes).
    Removing system_stm32f10x.o(.ARM.exidx.text.SetSysClock), (8 bytes).
    Removing system_stm32f10x.o(.text.SystemCoreClockUpdate), (110 bytes).
    Removing system_stm32f10x.o(.ARM.exidx.text.SystemCoreClockUpdate), (8 bytes).
    Removing system_stm32f10x.o(.ARM.exidx.text.SetSysClockTo72), (8 bytes).
    Removing system_stm32f10x.o(.data.SystemCoreClock), (4 bytes).
    Removing system_stm32f10x.o(.rodata.AHBPrescTable), (16 bytes).
    Removing uart.o(.text._ZN4Uart5printEPKc), (26 bytes).
    Removing uart.o(.ARM.exidx.text._ZN4Uart5printEPKc), (8 bytes).
    Removing uart.o(.text._ZN4Uart4readEv), (16 bytes).
    Removing uart.o(.ARM.exidx.text._ZN4Uart4readEv), (8 bytes).
    Removing uart.o(.ARM.exidx.text._ZN4Uart3isrEv), (8 bytes).

585 unused section(s) (total 10300 bytes) removed from the image.

==============================================================================

Image Symbol Table

    Local Symbols

    Symbol Name                              Value     Ov Type        Size  Object(Section)

    ../clib/angel/boardlib.s                 0x00000000   Number         0  boardinit1.o ABSOLUTE
    ../clib/angel/boardlib.s                 0x00000000   Number         0  boardinit2.o ABSOLUTE
    ../clib/angel/boardlib.s                 0x00000000   Number         0  boardinit3.o ABSOLUTE
    ../clib/angel/boardlib.s                 0x00000000   Number         0  boardshut.o ABSOLUTE
    ../clib/angel/handlers.s                 0x00000000   Number         0  __scatter_copy.o ABSOLUTE
    ../clib/angel/handlers.s                 0x00000000   Number         0  __scatter_zi.o ABSOLUTE
    ../clib/angel/kernel.s                   0x00000000   Number         0  __rtentry.o ABSOLUTE
    ../clib/angel/kernel.s                   0x00000000   Number         0  __rtentry2.o ABSOLUTE
    ../clib/angel/kernel.s                   0x00000000   Number         0  __rtentry4.o ABSOLUTE
    ../clib/angel/kernel.s                   0x00000000   Number         0  rtexit.o ABSOLUTE
    ../clib/angel/kernel.s                   0x00000000   Number         0  rtexit2.o ABSOLUTE
    ../clib/angel/rt.s                       0x00000000   Number         0  rt_raise.o ABSOLUTE
    ../clib/angel/scatter.s                  0x00000000   Number         0  __scatter.o ABSOLUTE
    ../clib/angel/startup.s                  0x00000000   Number         0  __main.o ABSOLUTE
    ../clib/angel/sys.s                      0x00000000   Number         0  sys_stackheap_outer.o ABSOLUTE
    ../clib/angel/sys.s                      0x00000000   Number         0  libspace.o ABSOLUTE
    ../clib/angel/sys.s                      0x00000000   Number         0  use_no_semi.o ABSOLUTE
    ../clib/angel/sys.s                      0x00000000   Number         0  indicate_semi.o ABSOLUTE
    ../clib/angel/sysapp.c                   0x00000000   Number         0  sys_command.o ABSOLUTE
    ../clib/angel/sysapp.c                   0x00000000   Number         0  sys_command_hlt.o ABSOLUTE
    ../clib/angel/sysapp.c                   0x00000000   Number         0  sys_exit.o ABSOLUTE
    ../clib/angel/sysapp.c                   0x00000000   Number         0  sys_exit_hlt.o ABSOLUTE
    ../clib/angel/sysapp.c                   0x00000000   Number         0  sys_wrch.o ABSOLUTE
    ../clib/angel/sysapp.c                   0x00000000   Number         0  sys_wrch_hlt.o ABSOLUTE
    ../clib/arm_runtime.c                    0x00000000   Number         0  init_aeabi.o ABSOLUTE
    ../clib/arm_runtime.c                    0x00000000   Number         0  init_aeabi.o ABSOLUTE
    ../clib/armsys.c                         0x00000000   Number         0  argv_veneer.o ABSOLUTE
    ../clib/armsys.c                         0x00000000   Number         0  argv_veneer.o ABSOLUTE
    ../clib/armsys.c                         0x00000000   Number         0  _get_argv_nomalloc.o ABSOLUTE
    ../clib/armsys.c                         0x00000000   Number         0  no_argv.o ABSOLUTE
    ../clib/heapalloc.c                      0x00000000   Number         0  hrguard.o ABSOLUTE
    ../clib/heapaux.c                        0x00000000   Number         0  heapauxi.o ABSOLUTE
    ../clib/libinit.s                        0x00000000   Number         0  libinit2.o ABSOLUTE
    ../clib/libinit.s                        0x00000000   Number         0  libinit.o ABSOLUTE
    ../clib/libinit.s                        0x00000000   Number         0  libshutdown.o ABSOLUTE
    ../clib/libinit.s                        0x00000000   Number         0  libshutdown2.o ABSOLUTE
    ../clib/memcpset.s                       0x00000000   Number         0  rt_memclr_w.o ABSOLUTE
    ../clib/printf.c                         0x00000000   Number         0  __2sprintf.o ABSOLUTE
    ../clib/printf.c                         0x00000000   Number         0  noretval__2sprintf.o ABSOLUTE
    ../clib/printf.c                         0x00000000   Number         0  __printf.o ABSOLUTE
    ../clib/printf.c                         0x00000000   Number         0  _printf_dec.o ABSOLUTE
    ../clib/printf.c                         0x00000000   Number         0  __printf_flags.o ABSOLUTE
    ../clib/printf.c                         0x00000000   Number         0  __printf_ss.o ABSOLUTE
    ../clib/printf.c                         0x00000000   Number         0  __printf_flags_ss.o ABSOLUTE
    ../clib/printf.c                         0x00000000   Number         0  __printf_wp.o ABSOLUTE
    ../clib/printf.c                         0x00000000   Number         0  __printf_flags_wp.o ABSOLUTE
    ../clib/printf.c                         0x00000000   Number         0  __printf_ss_wp.o ABSOLUTE
    ../clib/printf.c                         0x00000000   Number         0  __printf_flags_ss_wp.o ABSOLUTE
    ../clib/printf.c                         0x00000000   Number         0  _printf_intcommon.o ABSOLUTE
    ../clib/printf.c                         0x00000000   Number         0  _printf_char_common.o ABSOLUTE
    ../clib/printf.c                         0x00000000   Number         0  _sputc.o ABSOLUTE
    ../clib/printf.c                         0x00000000   Number         0  __printf_nopercent.o ABSOLUTE
    ../clib/printf_percent.s                 0x00000000   Number         0  _printf_d.o ABSOLUTE
    ../clib/printf_percent.s                 0x00000000   Number         0  _printf_percent.o ABSOLUTE
    ../clib/printf_percent.s                 0x00000000   Number         0  _printf_percent_end.o ABSOLUTE
    ../clib/r_arm_target.c                   0x00000000   Number         0  __ARM_resolve_target1.o ABSOLUTE
    ../clib/r_arm_target.c                   0x00000000   Number         0  __ARM_resolve_target1_abs32.o ABSOLUTE
    ../clib/signal.c                         0x00000000   Number         0  defsig_rtmem_outer.o ABSOLUTE
    ../clib/signal.c                         0x00000000   Number         0  defsig_rtmem_formal.o ABSOLUTE
    ../clib/signal.c                         0x00000000   Number         0  defsig_exit.o ABSOLUTE
    ../clib/signal.c                         0x00000000   Number         0  defsig_rtmem_inner.o ABSOLUTE
    ../clib/signal.c                         0x00000000   Number         0  __raise.o ABSOLUTE
    ../clib/signal.c                         0x00000000   Number         0  defsig_general.o ABSOLUTE
    ../clib/signal.c                         0x00000000   Number         0  defsig_abrt_inner.o ABSOLUTE
    ../clib/signal.c                         0x00000000   Number         0  defsig_fpe_inner.o ABSOLUTE
    ../clib/signal.c                         0x00000000   Number         0  defsig_rtred_inner.o ABSOLUTE
    ../clib/signal.c                         0x00000000   Number         0  defsig_stak_inner.o ABSOLUTE
    ../clib/signal.c                         0x00000000   Number         0  defsig_pvfn_inner.o ABSOLUTE
    ../clib/signal.c                         0x00000000   Number         0  defsig_cppl_inner.o ABSOLUTE
    ../clib/signal.c                         0x00000000   Number         0  defsig_segv_inner.o ABSOLUTE
    ../clib/signal.c                         0x00000000   Number         0  defsig_other.o ABSOLUTE
    ../clib/signal.s                         0x00000000   Number         0  defsig.o ABSOLUTE
    ../clib/stdlib.c                         0x00000000   Number         0  exit.o ABSOLUTE
    ../fplib/faddsub.s                       0x00000000   Number         0  faddsub_clz.o ABSOLUTE
    ../fplib/ffix.s                          0x00000000   Number         0  ffix.o ABSOLUTE
    ../fplib/fflt.s                          0x00000000   Number         0  fflt_clz.o ABSOLUTE
    ../fplib/fmul.s                          0x00000000   Number         0  fmul.o ABSOLUTE
    ../fplib/fnaninf.s                       0x00000000   Number         0  fnaninf.o ABSOLUTE
    ../fplib/fpinit.s                        0x00000000   Number         0  fpinit.o ABSOLUTE
    ../fplib/fpinit_empty.s                  0x00000000   Number         0  fpinit_empty.o ABSOLUTE
    ../fplib/fretinf.s                       0x00000000   Number         0  fretinf.o ABSOLUTE
    ../fplib/usenofp.s                       0x00000000   Number         0  usenofp.o ABSOLUTE
    RTE/Device/STM32F103C8/startup_stm32f10x_md.s 0x00000000   Number         0  startup_stm32f10x_md.o ABSOLUTE
    button.cpp                               0x00000000   Number         0  button.o ABSOLUTE
    car.cpp                                  0x00000000   Number         0  car.o ABSOLUTE
    dc.s                                     0x00000000   Number         0  dc.o ABSOLUTE
    led.cpp                                  0x00000000   Number         0  led.o ABSOLUTE
    main.cpp                                 0x00000000   Number         0  main.o ABSOLUTE
    misc.c                                   0x00000000   Number         0  misc.o ABSOLUTE
    sr04.cpp                                 0x00000000   Number         0  sr04.o ABSOLUTE
    stm32f10x_adc.c                          0x00000000   Number         0  stm32f10x_adc.o ABSOLUTE
    stm32f10x_exti.c                         0x00000000   Number         0  stm32f10x_exti.o ABSOLUTE
    stm32f10x_gpio.c                         0x00000000   Number         0  stm32f10x_gpio.o ABSOLUTE
    stm32f10x_rcc.c                          0x00000000   Number         0  stm32f10x_rcc.o ABSOLUTE
    stm32f10x_spi.c                          0x00000000   Number         0  stm32f10x_spi.o ABSOLUTE
    stm32f10x_tim.c                          0x00000000   Number         0  stm32f10x_tim.o ABSOLUTE
    stm32f10x_usart.c                        0x00000000   Number         0  stm32f10x_usart.o ABSOLUTE
    system_stm32f10x.c                       0x00000000   Number         0  system_stm32f10x.o ABSOLUTE
    tim1.cpp                                 0x00000000   Number         0  tim1.o ABSOLUTE
    uart.cpp                                 0x00000000   Number         0  uart.o ABSOLUTE
    RESET                                    0x08000000   Section      236  startup_stm32f10x_md.o(RESET)
    !!!main                                  0x080000ec   Section        8  __main.o(!!!main)
    !!!scatter                               0x080000f4   Section       52  __scatter.o(!!!scatter)
    !!handler_copy                           0x08000128   Section       26  __scatter_copy.o(!!handler_copy)
    !!handler_zi                             0x08000144   Section       28  __scatter_zi.o(!!handler_zi)
    .ARM.Collect$$_printf_percent$$00000000  0x08000160   Section        0  _printf_percent.o(.ARM.Collect$$_printf_percent$$00000000)
    .ARM.Collect$$_printf_percent$$00000009  0x08000160   Section        6  _printf_d.o(.ARM.Collect$$_printf_percent$$00000009)
    .ARM.Collect$$_printf_percent$$00000017  0x08000166   Section        4  _printf_percent_end.o(.ARM.Collect$$_printf_percent$$00000017)
    .ARM.Collect$$libinit$$00000000          0x0800016a   Section        2  libinit.o(.ARM.Collect$$libinit$$00000000)
    .ARM.Collect$$libinit$$00000002          0x0800016c   Section        0  libinit2.o(.ARM.Collect$$libinit$$00000002)
    .ARM.Collect$$libinit$$00000004          0x0800016c   Section        0  libinit2.o(.ARM.Collect$$libinit$$00000004)
    .ARM.Collect$$libinit$$0000000A          0x0800016c   Section        0  libinit2.o(.ARM.Collect$$libinit$$0000000A)
    .ARM.Collect$$libinit$$0000000C          0x0800016c   Section        0  libinit2.o(.ARM.Collect$$libinit$$0000000C)
    .ARM.Collect$$libinit$$0000000E          0x0800016c   Section        0  libinit2.o(.ARM.Collect$$libinit$$0000000E)
    .ARM.Collect$$libinit$$00000011          0x0800016c   Section        0  libinit2.o(.ARM.Collect$$libinit$$00000011)
    .ARM.Collect$$libinit$$00000013          0x0800016c   Section        0  libinit2.o(.ARM.Collect$$libinit$$00000013)
    .ARM.Collect$$libinit$$00000015          0x0800016c   Section        0  libinit2.o(.ARM.Collect$$libinit$$00000015)
    .ARM.Collect$$libinit$$00000017          0x0800016c   Section        0  libinit2.o(.ARM.Collect$$libinit$$00000017)
    .ARM.Collect$$libinit$$00000019          0x0800016c   Section        0  libinit2.o(.ARM.Collect$$libinit$$00000019)
    .ARM.Collect$$libinit$$0000001B          0x0800016c   Section        0  libinit2.o(.ARM.Collect$$libinit$$0000001B)
    .ARM.Collect$$libinit$$0000001D          0x0800016c   Section        0  libinit2.o(.ARM.Collect$$libinit$$0000001D)
    .ARM.Collect$$libinit$$0000001F          0x0800016c   Section        0  libinit2.o(.ARM.Collect$$libinit$$0000001F)
    .ARM.Collect$$libinit$$00000021          0x0800016c   Section        0  libinit2.o(.ARM.Collect$$libinit$$00000021)
    .ARM.Collect$$libinit$$00000023          0x0800016c   Section        0  libinit2.o(.ARM.Collect$$libinit$$00000023)
    .ARM.Collect$$libinit$$00000025          0x0800016c   Section        0  libinit2.o(.ARM.Collect$$libinit$$00000025)
    .ARM.Collect$$libinit$$0000002C          0x0800016c   Section        0  libinit2.o(.ARM.Collect$$libinit$$0000002C)
    .ARM.Collect$$libinit$$0000002E          0x0800016c   Section        0  libinit2.o(.ARM.Collect$$libinit$$0000002E)
    .ARM.Collect$$libinit$$00000030          0x0800016c   Section        0  libinit2.o(.ARM.Collect$$libinit$$00000030)
    .ARM.Collect$$libinit$$00000031          0x0800016c   Section        4  libinit2.o(.ARM.Collect$$libinit$$00000031)
    .ARM.Collect$$libinit$$00000032          0x08000170   Section        0  libinit2.o(.ARM.Collect$$libinit$$00000032)
    .ARM.Collect$$libinit$$00000033          0x08000170   Section        2  libinit2.o(.ARM.Collect$$libinit$$00000033)
    .ARM.Collect$$libshutdown$$00000000      0x08000172   Section        2  libshutdown.o(.ARM.Collect$$libshutdown$$00000000)
    .ARM.Collect$$libshutdown$$00000002      0x08000174   Section        0  libshutdown2.o(.ARM.Collect$$libshutdown$$00000002)
    .ARM.Collect$$libshutdown$$00000004      0x08000174   Section        0  libshutdown2.o(.ARM.Collect$$libshutdown$$00000004)
    .ARM.Collect$$libshutdown$$00000007      0x08000174   Section        0  libshutdown2.o(.ARM.Collect$$libshutdown$$00000007)
    .ARM.Collect$$libshutdown$$0000000A      0x08000174   Section        0  libshutdown2.o(.ARM.Collect$$libshutdown$$0000000A)
    .ARM.Collect$$libshutdown$$0000000C      0x08000174   Section        0  libshutdown2.o(.ARM.Collect$$libshutdown$$0000000C)
    .ARM.Collect$$libshutdown$$0000000F      0x08000174   Section        0  libshutdown2.o(.ARM.Collect$$libshutdown$$0000000F)
    .ARM.Collect$$libshutdown$$00000010      0x08000174   Section        2  libshutdown2.o(.ARM.Collect$$libshutdown$$00000010)
    .ARM.Collect$$rtentry$$00000000          0x08000176   Section        0  __rtentry.o(.ARM.Collect$$rtentry$$00000000)
    .ARM.Collect$$rtentry$$00000002          0x08000176   Section        0  __rtentry2.o(.ARM.Collect$$rtentry$$00000002)
    .ARM.Collect$$rtentry$$00000004          0x08000176   Section        6  __rtentry4.o(.ARM.Collect$$rtentry$$00000004)
    .ARM.Collect$$rtentry$$00000009          0x0800017c   Section        0  __rtentry2.o(.ARM.Collect$$rtentry$$00000009)
    .ARM.Collect$$rtentry$$0000000A          0x0800017c   Section        4  __rtentry2.o(.ARM.Collect$$rtentry$$0000000A)
    .ARM.Collect$$rtentry$$0000000C          0x08000180   Section        0  __rtentry2.o(.ARM.Collect$$rtentry$$0000000C)
    .ARM.Collect$$rtentry$$0000000D          0x08000180   Section        8  __rtentry2.o(.ARM.Collect$$rtentry$$0000000D)
    .ARM.Collect$$rtexit$$00000000           0x08000188   Section        2  rtexit.o(.ARM.Collect$$rtexit$$00000000)
    .ARM.Collect$$rtexit$$00000002           0x0800018a   Section        0  rtexit2.o(.ARM.Collect$$rtexit$$00000002)
    .ARM.Collect$$rtexit$$00000003           0x0800018a   Section        4  rtexit2.o(.ARM.Collect$$rtexit$$00000003)
    .ARM.Collect$$rtexit$$00000004           0x0800018e   Section        6  rtexit2.o(.ARM.Collect$$rtexit$$00000004)
    .text                                    0x08000194   Section       64  startup_stm32f10x_md.o(.text)
    .text                                    0x080001d4   Section        0  _printf_dec.o(.text)
    .text                                    0x0800024c   Section       78  rt_memclr_w.o(.text)
    .text                                    0x0800029a   Section        0  heapauxi.o(.text)
    .text                                    0x080002a0   Section        0  init_aeabi.o(.text)
    .text                                    0x080002c4   Section        0  _printf_intcommon.o(.text)
    .text                                    0x08000376   Section       74  sys_stackheap_outer.o(.text)
    .text                                    0x080003c0   Section        0  exit.o(.text)
    .text                                    0x080003d4   Section        8  libspace.o(.text)
    .text                                    0x080003dc   Section        2  use_no_semi.o(.text)
    .text                                    0x080003de   Section        0  indicate_semi.o(.text)
    .text                                    0x080003e0   Section        0  sys_exit.o(.text)
    [Anonymous Symbol]                       0x080003ec   Section        0  tim1.o(.text.SPI1_IRQHandler)
    SetSysClock                              0x08000455   Thumb Code     8  system_stm32f10x.o(.text.SetSysClock)
    [Anonymous Symbol]                       0x08000454   Section        0  system_stm32f10x.o(.text.SetSysClock)
    SetSysClockTo72                          0x0800045d   Thumb Code   190  system_stm32f10x.o(.text.SetSysClockTo72)
    [Anonymous Symbol]                       0x0800045c   Section        0  system_stm32f10x.o(.text.SetSysClockTo72)
    [Anonymous Symbol]                       0x0800051c   Section        0  system_stm32f10x.o(.text.SystemInit)
    [Anonymous Symbol]                       0x08000574   Section        0  tim1.o(.text.TIM1_UP_IRQHandler)
    [Anonymous Symbol]                       0x080005b0   Section        0  uart.o(.text.USART2_IRQHandler)
    [Anonymous Symbol]                       0x080005c0   Section        0  uart.o(.text.USART3_IRQHandler)
    _GLOBAL__sub_I_led.cpp                   0x080005d1   Thumb Code    16  led.o(.text._GLOBAL__sub_I_led.cpp)
    [Anonymous Symbol]                       0x080005d0   Section        0  led.o(.text._GLOBAL__sub_I_led.cpp)
    _GLOBAL__sub_I_tim1.cpp                  0x080005e1   Thumb Code     8  tim1.o(.text._GLOBAL__sub_I_tim1.cpp)
    [Anonymous Symbol]                       0x080005e0   Section        0  tim1.o(.text._GLOBAL__sub_I_tim1.cpp)
    [Anonymous Symbol]                       0x080005e8   Section        0  led.o(.text._Z3led9led_color9led_state)
    [Anonymous Symbol]                       0x08000610   Section        0  led.o(.text._Z3ledv)
    [Anonymous Symbol]                       0x08000638   Section        0  car.o(.text._Z4movebjbj)
    [Anonymous Symbol]                       0x08000670   Section        0  sr04.o(.text._Z4sr04j)
    [Anonymous Symbol]                       0x0800073c   Section        0  tim1.o(.text._Z4waitj)
    [Anonymous Symbol]                       0x08000768   Section        0  button.o(.text._Z6buttonv)
    [Anonymous Symbol]                       0x080007ac   Section        0  tim1.o(.text._Z7getPathv)
    [Anonymous Symbol]                       0x080007b8   Section        0  tim1.o(.text._Z7pwmLeftj)
    [Anonymous Symbol]                       0x080007c4   Section        0  tim1.o(.text._Z7setLeftb)
    [Anonymous Symbol]                       0x080007e8   Section        0  tim1.o(.text._Z8pwmRightj)
    [Anonymous Symbol]                       0x080007f4   Section        0  tim1.o(.text._Z8setRightb)
    [Anonymous Symbol]                       0x08000818   Section        0  main.o(.text._Z9on_buttonb)
    _ZL16__NVIC_EnableIRQ4IRQn               0x08000835   Thumb Code    32  tim1.o(.text._ZL16__NVIC_EnableIRQ4IRQn)
    [Anonymous Symbol]                       0x08000834   Section        0  tim1.o(.text._ZL16__NVIC_EnableIRQ4IRQn)
    [Anonymous Symbol]                       0x08000854   Section        0  car.o(.text._ZN3Car10checkFlagBEv)
    [Anonymous Symbol]                       0x080008d0   Section        0  car.o(.text._ZN3Car10checkFlagYEv)
    [Anonymous Symbol]                       0x08000948   Section        0  car.o(.text._ZN3Car12checkFlagY_2Ev)
    [Anonymous Symbol]                       0x080009bc   Section        0  car.o(.text._ZN3Car12track_detectEv)
    [Anonymous Symbol]                       0x080009f8   Section        0  car.o(.text._ZN3Car16changeBasicSpeedEjj)
    [Anonymous Symbol]                       0x08000a00   Section        0  car.o(.text._ZN3Car20calculateError_innerEv)
    [Anonymous Symbol]                       0x08000bcc   Section        0  car.o(.text._ZN3Car20calculateError_outerEv)
    [Anonymous Symbol]                       0x08000e20   Section        0  car.o(.text._ZN3Car24calculateError_innerYKDJEv)
    [Anonymous Symbol]                       0x08000fd4   Section        0  car.o(.text._ZN3Car24calculateError_readyForBEv)
    [Anonymous Symbol]                       0x080011a0   Section        0  car.o(.text._ZN3Car7trackerEv)
    [Anonymous Symbol]                       0x08001214   Section        0  car.o(.text._ZN3Car8setStateE5state)
    [Anonymous Symbol]                       0x08001218   Section        0  car.o(.text._ZN3Car9changePIDEiii)
    [Anonymous Symbol]                       0x0800122c   Section        0  car.o(.text._ZN3CarC2Ejjifi)
    [Anonymous Symbol]                       0x08001278   Section        0  led.o(.text._ZN3Led3setE9led_state)
    [Anonymous Symbol]                       0x080012e8   Section        0  led.o(.text._ZN3Led6tictacEv)
    [Anonymous Symbol]                       0x08001314   Section        0  led.o(.text._ZN3LedC2EP12GPIO_TypeDefi)
    [Anonymous Symbol]                       0x0800132c   Section        0  uart.o(.text._ZN4Uart3isrEv)
    [Anonymous Symbol]                       0x08001358   Section        0  tim1.o(.text._ZN5Timer4pollEv)
    [Anonymous Symbol]                       0x0800137c   Section        0  tim1.o(.text._ZN5TimerC2Ev)
    __cxx_global_var_init                    0x080014dd   Thumb Code    26  led.o(.text.__cxx_global_var_init)
    [Anonymous Symbol]                       0x080014dc   Section        0  led.o(.text.__cxx_global_var_init)
    __cxx_global_var_init                    0x080014f9   Thumb Code    16  tim1.o(.text.__cxx_global_var_init)
    [Anonymous Symbol]                       0x080014f8   Section        0  tim1.o(.text.__cxx_global_var_init)
    __cxx_global_var_init.1                  0x08001509   Thumb Code    26  led.o(.text.__cxx_global_var_init.1)
    [Anonymous Symbol]                       0x08001508   Section        0  led.o(.text.__cxx_global_var_init.1)
    __cxx_global_var_init.2                  0x08001525   Thumb Code    26  led.o(.text.__cxx_global_var_init.2)
    [Anonymous Symbol]                       0x08001524   Section        0  led.o(.text.__cxx_global_var_init.2)
    [Anonymous Symbol]                       0x08001540   Section        0  main.o(.text.main)
    x$fpl$fadd                               0x080016f4   Section      196  faddsub_clz.o(x$fpl$fadd)
    _fadd1                                   0x08001703   Thumb Code     0  faddsub_clz.o(x$fpl$fadd)
    x$fpl$ffix                               0x080017b8   Section       54  ffix.o(x$fpl$ffix)
    x$fpl$fflt                               0x080017f0   Section       48  fflt_clz.o(x$fpl$fflt)
    x$fpl$fmul                               0x08001820   Section      258  fmul.o(x$fpl$fmul)
    x$fpl$fnaninf                            0x08001922   Section      140  fnaninf.o(x$fpl$fnaninf)
    x$fpl$fretinf                            0x080019ae   Section       10  fretinf.o(x$fpl$fretinf)
    x$fpl$fsub                               0x080019b8   Section      234  faddsub_clz.o(x$fpl$fsub)
    _fsub1                                   0x080019c7   Thumb Code     0  faddsub_clz.o(x$fpl$fsub)
    x$fpl$usenofp                            0x08001aa2   Section        0  usenofp.o(x$fpl$usenofp)
    .init_array                              0x08001acc   Section        0  init_aeabi.o(.init_array)
    _ZL3key                                  0x20000000   Data           4  button.o(.data._ZL3key)
    [Anonymous Symbol]                       0x20000000   Section        0  button.o(.data._ZL3key)
    _ZL5uart2                                0x20000004   Data           8  uart.o(.data._ZL5uart2)
    [Anonymous Symbol]                       0x20000004   Section        0  uart.o(.data._ZL5uart2)
    _ZL5uart3                                0x2000000c   Data           8  uart.o(.data._ZL5uart3)
    [Anonymous Symbol]                       0x2000000c   Section        0  uart.o(.data._ZL5uart3)
    .bss                                     0x20000018   Section       96  libspace.o(.bss)
    _ZL4blue                                 0x20000078   Data          20  led.o(.bss._ZL4blue)
    [Anonymous Symbol]                       0x20000078   Section        0  led.o(.bss._ZL4blue)
    _ZL5green                                0x2000008c   Data          20  led.o(.bss._ZL5green)
    [Anonymous Symbol]                       0x2000008c   Section        0  led.o(.bss._ZL5green)
    _ZL5timer                                0x200000a0   Data          24  tim1.o(.bss._ZL5timer)
    [Anonymous Symbol]                       0x200000a0   Section        0  tim1.o(.bss._ZL5timer)
    _ZL6yellow                               0x200000b8   Data          20  led.o(.bss._ZL6yellow)
    [Anonymous Symbol]                       0x200000b8   Section        0  led.o(.bss._ZL6yellow)
    _ZL8distance                             0x200000cc   Data           4  sr04.o(.bss._ZL8distance)
    [Anonymous Symbol]                       0x200000cc   Section        0  sr04.o(.bss._ZL8distance)
    button()::count                          0x200000d0   Data           4  button.o(.bss._ZZ6buttonvE5count)
    [Anonymous Symbol]                       0x200000d0   Section        0  button.o(.bss._ZZ6buttonvE5count)
    on_button(bool)::state                   0x200000d4   Data           4  main.o(.bss._ZZ9on_buttonbE5state)
    [Anonymous Symbol]                       0x200000d4   Section        0  main.o(.bss._ZZ9on_buttonbE5state)
    Heap_Mem                                 0x200000e8   Data         512  startup_stm32f10x_md.o(HEAP)
    HEAP                                     0x200000e8   Section      512  startup_stm32f10x_md.o(HEAP)
    Stack_Mem                                0x200002e8   Data        1024  startup_stm32f10x_md.o(STACK)
    STACK                                    0x200002e8   Section     1024  startup_stm32f10x_md.o(STACK)
    __initial_sp                             0x200006e8   Data           0  startup_stm32f10x_md.o(STACK)

    Global Symbols

    Symbol Name                              Value     Ov Type        Size  Object(Section)

    BuildAttributes$$THM_ISAv4$P$D$K$B$S$PE$A:L22UL41UL21$X:L11$S22US41US21$IEEE1$IW$~IW$USESV6$~STKCKD$USESV7$~SHL$OTIME$ROPI$EBA8$UX$STANDARDLIB$REQ8$PRES8$EABIv2 0x00000000   Number         0  anon$$obj.o ABSOLUTE
    __fp_init_empty                          0x00000000   Number         0  fpinit_empty.o ABSOLUTE
    __ARM_exceptions_init                     - Undefined Weak Reference
    __alloca_initialize                       - Undefined Weak Reference
    __arm_preinit_                            - Undefined Weak Reference
    __cxa_finalize                            - Undefined Weak Reference
    __rt_locale                               - Undefined Weak Reference
    __sigvec_lookup                           - Undefined Weak Reference
    _atexit_init                              - Undefined Weak Reference
    _call_atexit_fns                          - Undefined Weak Reference
    _clock_init                               - Undefined Weak Reference
    _fp_trap_init                             - Undefined Weak Reference
    _fp_trap_shutdown                         - Undefined Weak Reference
    _get_lc_collate                           - Undefined Weak Reference
    _get_lc_ctype                             - Undefined Weak Reference
    _get_lc_monetary                          - Undefined Weak Reference
    _get_lc_numeric                           - Undefined Weak Reference
    _get_lc_time                              - Undefined Weak Reference
    _getenv_init                              - Undefined Weak Reference
    _handle_redirection                       - Undefined Weak Reference
    _init_alloc                               - Undefined Weak Reference
    _init_user_alloc                          - Undefined Weak Reference
    _initio                                   - Undefined Weak Reference
    _printf_post_padding                      - Undefined Weak Reference
    _printf_pre_padding                       - Undefined Weak Reference
    _printf_truncate_signed                   - Undefined Weak Reference
    _printf_truncate_unsigned                 - Undefined Weak Reference
    _rand_init                                - Undefined Weak Reference
    _signal_finish                            - Undefined Weak Reference
    _signal_init                              - Undefined Weak Reference
    _terminate_alloc                          - Undefined Weak Reference
    _terminate_user_alloc                     - Undefined Weak Reference
    _terminateio                              - Undefined Weak Reference
    __Vectors_Size                           0x000000ec   Number         0  startup_stm32f10x_md.o ABSOLUTE
    __Vectors                                0x08000000   Data           4  startup_stm32f10x_md.o(RESET)
    __Vectors_End                            0x080000ec   Data           0  startup_stm32f10x_md.o(RESET)
    __main                                   0x080000ed   Thumb Code     8  __main.o(!!!main)
    __scatterload                            0x080000f5   Thumb Code     0  __scatter.o(!!!scatter)
    __scatterload_rt2                        0x080000f5   Thumb Code    44  __scatter.o(!!!scatter)
    __scatterload_rt2_thumb_only             0x080000f5   Thumb Code     0  __scatter.o(!!!scatter)
    __scatterload_null                       0x08000103   Thumb Code     0  __scatter.o(!!!scatter)
    __scatterload_copy                       0x08000129   Thumb Code    26  __scatter_copy.o(!!handler_copy)
    __scatterload_zeroinit                   0x08000145   Thumb Code    28  __scatter_zi.o(!!handler_zi)
    _printf_d                                0x08000161   Thumb Code     0  _printf_d.o(.ARM.Collect$$_printf_percent$$00000009)
    _printf_percent                          0x08000161   Thumb Code     0  _printf_percent.o(.ARM.Collect$$_printf_percent$$00000000)
    _printf_percent_end                      0x08000167   Thumb Code     0  _printf_percent_end.o(.ARM.Collect$$_printf_percent$$00000017)
    __rt_lib_init                            0x0800016b   Thumb Code     0  libinit.o(.ARM.Collect$$libinit$$00000000)
    __rt_lib_init_alloca_1                   0x0800016d   Thumb Code     0  libinit2.o(.ARM.Collect$$libinit$$0000002E)
    __rt_lib_init_argv_1                     0x0800016d   Thumb Code     0  libinit2.o(.ARM.Collect$$libinit$$0000002C)
    __rt_lib_init_atexit_1                   0x0800016d   Thumb Code     0  libinit2.o(.ARM.Collect$$libinit$$0000001B)
    __rt_lib_init_clock_1                    0x0800016d   Thumb Code     0  libinit2.o(.ARM.Collect$$libinit$$00000021)
    __rt_lib_init_cpp_2                      0x0800016d   Thumb Code     0  libinit2.o(.ARM.Collect$$libinit$$00000031)
    __rt_lib_init_exceptions_1               0x0800016d   Thumb Code     0  libinit2.o(.ARM.Collect$$libinit$$00000030)
    __rt_lib_init_fp_1                       0x0800016d   Thumb Code     0  libinit2.o(.ARM.Collect$$libinit$$00000002)
    __rt_lib_init_fp_trap_1                  0x0800016d   Thumb Code     0  libinit2.o(.ARM.Collect$$libinit$$0000001F)
    __rt_lib_init_getenv_1                   0x0800016d   Thumb Code     0  libinit2.o(.ARM.Collect$$libinit$$00000023)
    __rt_lib_init_heap_1                     0x0800016d   Thumb Code     0  libinit2.o(.ARM.Collect$$libinit$$0000000A)
    __rt_lib_init_lc_collate_1               0x0800016d   Thumb Code     0  libinit2.o(.ARM.Collect$$libinit$$00000011)
    __rt_lib_init_lc_ctype_1                 0x0800016d   Thumb Code     0  libinit2.o(.ARM.Collect$$libinit$$00000013)
    __rt_lib_init_lc_monetary_1              0x0800016d   Thumb Code     0  libinit2.o(.ARM.Collect$$libinit$$00000015)
    __rt_lib_init_lc_numeric_1               0x0800016d   Thumb Code     0  libinit2.o(.ARM.Collect$$libinit$$00000017)
    __rt_lib_init_lc_time_1                  0x0800016d   Thumb Code     0  libinit2.o(.ARM.Collect$$libinit$$00000019)
    __rt_lib_init_preinit_1                  0x0800016d   Thumb Code     0  libinit2.o(.ARM.Collect$$libinit$$00000004)
    __rt_lib_init_rand_1                     0x0800016d   Thumb Code     0  libinit2.o(.ARM.Collect$$libinit$$0000000E)
    __rt_lib_init_signal_1                   0x0800016d   Thumb Code     0  libinit2.o(.ARM.Collect$$libinit$$0000001D)
    __rt_lib_init_stdio_1                    0x0800016d   Thumb Code     0  libinit2.o(.ARM.Collect$$libinit$$00000025)
    __rt_lib_init_user_alloc_1               0x0800016d   Thumb Code     0  libinit2.o(.ARM.Collect$$libinit$$0000000C)
    __rt_lib_init_cpp_1                      0x08000171   Thumb Code     0  libinit2.o(.ARM.Collect$$libinit$$00000032)
    __rt_lib_init_return                     0x08000171   Thumb Code     0  libinit2.o(.ARM.Collect$$libinit$$00000033)
    __rt_lib_shutdown                        0x08000173   Thumb Code     0  libshutdown.o(.ARM.Collect$$libshutdown$$00000000)
    __rt_lib_shutdown_cpp_1                  0x08000175   Thumb Code     0  libshutdown2.o(.ARM.Collect$$libshutdown$$00000002)
    __rt_lib_shutdown_fp_trap_1              0x08000175   Thumb Code     0  libshutdown2.o(.ARM.Collect$$libshutdown$$00000007)
    __rt_lib_shutdown_heap_1                 0x08000175   Thumb Code     0  libshutdown2.o(.ARM.Collect$$libshutdown$$0000000F)
    __rt_lib_shutdown_return                 0x08000175   Thumb Code     0  libshutdown2.o(.ARM.Collect$$libshutdown$$00000010)
    __rt_lib_shutdown_signal_1               0x08000175   Thumb Code     0  libshutdown2.o(.ARM.Collect$$libshutdown$$0000000A)
    __rt_lib_shutdown_stdio_1                0x08000175   Thumb Code     0  libshutdown2.o(.ARM.Collect$$libshutdown$$00000004)
    __rt_lib_shutdown_user_alloc_1           0x08000175   Thumb Code     0  libshutdown2.o(.ARM.Collect$$libshutdown$$0000000C)
    __rt_entry                               0x08000177   Thumb Code     0  __rtentry.o(.ARM.Collect$$rtentry$$00000000)
    __rt_entry_presh_1                       0x08000177   Thumb Code     0  __rtentry2.o(.ARM.Collect$$rtentry$$00000002)
    __rt_entry_sh                            0x08000177   Thumb Code     0  __rtentry4.o(.ARM.Collect$$rtentry$$00000004)
    __rt_entry_li                            0x0800017d   Thumb Code     0  __rtentry2.o(.ARM.Collect$$rtentry$$0000000A)
    __rt_entry_postsh_1                      0x0800017d   Thumb Code     0  __rtentry2.o(.ARM.Collect$$rtentry$$00000009)
    __rt_entry_main                          0x08000181   Thumb Code     0  __rtentry2.o(.ARM.Collect$$rtentry$$0000000D)
    __rt_entry_postli_1                      0x08000181   Thumb Code     0  __rtentry2.o(.ARM.Collect$$rtentry$$0000000C)
    __rt_exit                                0x08000189   Thumb Code     0  rtexit.o(.ARM.Collect$$rtexit$$00000000)
    __rt_exit_ls                             0x0800018b   Thumb Code     0  rtexit2.o(.ARM.Collect$$rtexit$$00000003)
    __rt_exit_prels_1                        0x0800018b   Thumb Code     0  rtexit2.o(.ARM.Collect$$rtexit$$00000002)
    __rt_exit_exit                           0x0800018f   Thumb Code     0  rtexit2.o(.ARM.Collect$$rtexit$$00000004)
    Reset_Handler                            0x08000195   Thumb Code     8  startup_stm32f10x_md.o(.text)
    NMI_Handler                              0x0800019d   Thumb Code     2  startup_stm32f10x_md.o(.text)
    HardFault_Handler                        0x0800019f   Thumb Code     2  startup_stm32f10x_md.o(.text)
    MemManage_Handler                        0x080001a1   Thumb Code     2  startup_stm32f10x_md.o(.text)
    BusFault_Handler                         0x080001a3   Thumb Code     2  startup_stm32f10x_md.o(.text)
    UsageFault_Handler                       0x080001a5   Thumb Code     2  startup_stm32f10x_md.o(.text)
    SVC_Handler                              0x080001a7   Thumb Code     2  startup_stm32f10x_md.o(.text)
    DebugMon_Handler                         0x080001a9   Thumb Code     2  startup_stm32f10x_md.o(.text)
    PendSV_Handler                           0x080001ab   Thumb Code     2  startup_stm32f10x_md.o(.text)
    SysTick_Handler                          0x080001ad   Thumb Code     2  startup_stm32f10x_md.o(.text)
    ADC1_2_IRQHandler                        0x080001af   Thumb Code     0  startup_stm32f10x_md.o(.text)
    CAN1_RX1_IRQHandler                      0x080001af   Thumb Code     0  startup_stm32f10x_md.o(.text)
    CAN1_SCE_IRQHandler                      0x080001af   Thumb Code     0  startup_stm32f10x_md.o(.text)
    DMA1_Channel1_IRQHandler                 0x080001af   Thumb Code     0  startup_stm32f10x_md.o(.text)
    DMA1_Channel2_IRQHandler                 0x080001af   Thumb Code     0  startup_stm32f10x_md.o(.text)
    DMA1_Channel3_IRQHandler                 0x080001af   Thumb Code     0  startup_stm32f10x_md.o(.text)
    DMA1_Channel4_IRQHandler                 0x080001af   Thumb Code     0  startup_stm32f10x_md.o(.text)
    DMA1_Channel5_IRQHandler                 0x080001af   Thumb Code     0  startup_stm32f10x_md.o(.text)
    DMA1_Channel6_IRQHandler                 0x080001af   Thumb Code     0  startup_stm32f10x_md.o(.text)
    DMA1_Channel7_IRQHandler                 0x080001af   Thumb Code     0  startup_stm32f10x_md.o(.text)
    EXTI0_IRQHandler                         0x080001af   Thumb Code     0  startup_stm32f10x_md.o(.text)
    EXTI15_10_IRQHandler                     0x080001af   Thumb Code     0  startup_stm32f10x_md.o(.text)
    EXTI1_IRQHandler                         0x080001af   Thumb Code     0  startup_stm32f10x_md.o(.text)
    EXTI2_IRQHandler                         0x080001af   Thumb Code     0  startup_stm32f10x_md.o(.text)
    EXTI3_IRQHandler                         0x080001af   Thumb Code     0  startup_stm32f10x_md.o(.text)
    EXTI4_IRQHandler                         0x080001af   Thumb Code     0  startup_stm32f10x_md.o(.text)
    EXTI9_5_IRQHandler                       0x080001af   Thumb Code     0  startup_stm32f10x_md.o(.text)
    FLASH_IRQHandler                         0x080001af   Thumb Code     0  startup_stm32f10x_md.o(.text)
    I2C1_ER_IRQHandler                       0x080001af   Thumb Code     0  startup_stm32f10x_md.o(.text)
    I2C1_EV_IRQHandler                       0x080001af   Thumb Code     0  startup_stm32f10x_md.o(.text)
    I2C2_ER_IRQHandler                       0x080001af   Thumb Code     0  startup_stm32f10x_md.o(.text)
    I2C2_EV_IRQHandler                       0x080001af   Thumb Code     0  startup_stm32f10x_md.o(.text)
    PVD_IRQHandler                           0x080001af   Thumb Code     0  startup_stm32f10x_md.o(.text)
    RCC_IRQHandler                           0x080001af   Thumb Code     0  startup_stm32f10x_md.o(.text)
    RTCAlarm_IRQHandler                      0x080001af   Thumb Code     0  startup_stm32f10x_md.o(.text)
    RTC_IRQHandler                           0x080001af   Thumb Code     0  startup_stm32f10x_md.o(.text)
    SPI2_IRQHandler                          0x080001af   Thumb Code     0  startup_stm32f10x_md.o(.text)
    TAMPER_IRQHandler                        0x080001af   Thumb Code     0  startup_stm32f10x_md.o(.text)
    TIM1_BRK_IRQHandler                      0x080001af   Thumb Code     0  startup_stm32f10x_md.o(.text)
    TIM1_CC_IRQHandler                       0x080001af   Thumb Code     0  startup_stm32f10x_md.o(.text)
    TIM1_TRG_COM_IRQHandler                  0x080001af   Thumb Code     0  startup_stm32f10x_md.o(.text)
    TIM2_IRQHandler                          0x080001af   Thumb Code     0  startup_stm32f10x_md.o(.text)
    TIM3_IRQHandler                          0x080001af   Thumb Code     0  startup_stm32f10x_md.o(.text)
    TIM4_IRQHandler                          0x080001af   Thumb Code     0  startup_stm32f10x_md.o(.text)
    USART1_IRQHandler                        0x080001af   Thumb Code     0  startup_stm32f10x_md.o(.text)
    USBWakeUp_IRQHandler                     0x080001af   Thumb Code     0  startup_stm32f10x_md.o(.text)
    USB_HP_CAN1_TX_IRQHandler                0x080001af   Thumb Code     0  startup_stm32f10x_md.o(.text)
    USB_LP_CAN1_RX0_IRQHandler               0x080001af   Thumb Code     0  startup_stm32f10x_md.o(.text)
    WWDG_IRQHandler                          0x080001af   Thumb Code     0  startup_stm32f10x_md.o(.text)
    __user_initial_stackheap                 0x080001b1   Thumb Code     0  startup_stm32f10x_md.o(.text)
    _printf_int_dec                          0x080001d5   Thumb Code   104  _printf_dec.o(.text)
    __aeabi_memclr4                          0x0800024d   Thumb Code     0  rt_memclr_w.o(.text)
    __aeabi_memclr8                          0x0800024d   Thumb Code     0  rt_memclr_w.o(.text)
    __rt_memclr_w                            0x0800024d   Thumb Code    78  rt_memclr_w.o(.text)
    _memset_w                                0x08000251   Thumb Code     0  rt_memclr_w.o(.text)
    __use_two_region_memory                  0x0800029b   Thumb Code     2  heapauxi.o(.text)
    __rt_heap_escrow$2region                 0x0800029d   Thumb Code     2  heapauxi.o(.text)
    __rt_heap_expand$2region                 0x0800029f   Thumb Code     2  heapauxi.o(.text)
    __cpp_initialize__aeabi_                 0x080002a1   Thumb Code    28  init_aeabi.o(.text)
    _printf_int_common                       0x080002c5   Thumb Code   178  _printf_intcommon.o(.text)
    __user_setup_stackheap                   0x08000377   Thumb Code    74  sys_stackheap_outer.o(.text)
    exit                                     0x080003c1   Thumb Code    18  exit.o(.text)
    __user_libspace                          0x080003d5   Thumb Code     8  libspace.o(.text)
    __user_perproc_libspace                  0x080003d5   Thumb Code     0  libspace.o(.text)
    __user_perthread_libspace                0x080003d5   Thumb Code     0  libspace.o(.text)
    __I$use$semihosting                      0x080003dd   Thumb Code     0  use_no_semi.o(.text)
    __use_no_semihosting_swi                 0x080003dd   Thumb Code     2  use_no_semi.o(.text)
    __semihosting_library_function           0x080003df   Thumb Code     0  indicate_semi.o(.text)
    _sys_exit                                0x080003e1   Thumb Code     8  sys_exit.o(.text)
    SPI1_IRQHandler                          0x080003ed   Thumb Code   102  tim1.o(.text.SPI1_IRQHandler)
    SystemInit                               0x0800051d   Thumb Code    86  system_stm32f10x.o(.text.SystemInit)
    TIM1_UP_IRQHandler                       0x08000575   Thumb Code    58  tim1.o(.text.TIM1_UP_IRQHandler)
    USART2_IRQHandler                        0x080005b1   Thumb Code    16  uart.o(.text.USART2_IRQHandler)
    USART3_IRQHandler                        0x080005c1   Thumb Code    16  uart.o(.text.USART3_IRQHandler)
    led(led_color, led_state)                0x080005e9   Thumb Code    40  led.o(.text._Z3led9led_color9led_state)
    led()                                    0x08000611   Thumb Code    40  led.o(.text._Z3ledv)
    move(bool, unsigned, bool, unsigned)     0x08000639   Thumb Code    56  car.o(.text._Z4movebjbj)
    sr04(unsigned)                           0x08000671   Thumb Code   204  sr04.o(.text._Z4sr04j)
    wait(unsigned)                           0x0800073d   Thumb Code    44  tim1.o(.text._Z4waitj)
    button()                                 0x08000769   Thumb Code    68  button.o(.text._Z6buttonv)
    getPath()                                0x080007ad   Thumb Code    12  tim1.o(.text._Z7getPathv)
    pwmLeft(unsigned)                        0x080007b9   Thumb Code    12  tim1.o(.text._Z7pwmLeftj)
    setLeft(bool)                            0x080007c5   Thumb Code    34  tim1.o(.text._Z7setLeftb)
    pwmRight(unsigned)                       0x080007e9   Thumb Code    12  tim1.o(.text._Z8pwmRightj)
    setRight(bool)                           0x080007f5   Thumb Code    34  tim1.o(.text._Z8setRightb)
    on_button(bool)                          0x08000819   Thumb Code    28  main.o(.text._Z9on_buttonb)
    Car::checkFlagB()                        0x08000855   Thumb Code   124  car.o(.text._ZN3Car10checkFlagBEv)
    Car::checkFlagY()                        0x080008d1   Thumb Code   118  car.o(.text._ZN3Car10checkFlagYEv)
    Car::checkFlagY_2()                      0x08000949   Thumb Code   116  car.o(.text._ZN3Car12checkFlagY_2Ev)
    Car::track_detect()                      0x080009bd   Thumb Code    60  car.o(.text._ZN3Car12track_detectEv)
    Car::changeBasicSpeed(unsigned, unsigned) 0x080009f9   Thumb Code     6  car.o(.text._ZN3Car16changeBasicSpeedEjj)
    Car::calculateError_inner()              0x08000a01   Thumb Code   458  car.o(.text._ZN3Car20calculateError_innerEv)
    Car::calculateError_outer()              0x08000bcd   Thumb Code   594  car.o(.text._ZN3Car20calculateError_outerEv)
    Car::calculateError_innerYKDJ()          0x08000e21   Thumb Code   436  car.o(.text._ZN3Car24calculateError_innerYKDJEv)
    Car::calculateError_readyForB()          0x08000fd5   Thumb Code   458  car.o(.text._ZN3Car24calculateError_readyForBEv)
    Car::tracker()                           0x080011a1   Thumb Code   116  car.o(.text._ZN3Car7trackerEv)
    Car::setState(state)                     0x08001215   Thumb Code     4  car.o(.text._ZN3Car8setStateE5state)
    Car::changePID(int, int, int)            0x08001219   Thumb Code    20  car.o(.text._ZN3Car9changePIDEiii)
    Car::Car(unsigned, unsigned, int, float, int) 0x0800122d   Thumb Code    74  car.o(.text._ZN3CarC2Ejjifi)
    Car::Car__sub_object(unsigned, unsigned, int, float, int) 0x0800122d   Thumb Code    74  car.o(.text._ZN3CarC2Ejjifi)
    Led::set(led_state)                      0x08001279   Thumb Code   110  led.o(.text._ZN3Led3setE9led_state)
    Led::tictac()                            0x080012e9   Thumb Code    42  led.o(.text._ZN3Led6tictacEv)
    Led::Led(GPIO_TypeDef*, int)             0x08001315   Thumb Code    24  led.o(.text._ZN3LedC2EP12GPIO_TypeDefi)
    Led::Led__sub_object(GPIO_TypeDef*, int) 0x08001315   Thumb Code    24  led.o(.text._ZN3LedC2EP12GPIO_TypeDefi)
    Uart::isr()                              0x0800132d   Thumb Code    44  uart.o(.text._ZN4Uart3isrEv)
    Timer::poll()                            0x08001359   Thumb Code    36  tim1.o(.text._ZN5Timer4pollEv)
    Timer::Timer()                           0x0800137d   Thumb Code   352  tim1.o(.text._ZN5TimerC2Ev)
    Timer::Timer__sub_object()               0x0800137d   Thumb Code   352  tim1.o(.text._ZN5TimerC2Ev)
    main                                     0x08001541   Thumb Code   436  main.o(.text.main)
    __aeabi_fadd                             0x080016f5   Thumb Code     0  faddsub_clz.o(x$fpl$fadd)
    _fadd                                    0x080016f5   Thumb Code   196  faddsub_clz.o(x$fpl$fadd)
    __aeabi_f2iz                             0x080017b9   Thumb Code     0  ffix.o(x$fpl$ffix)
    _ffix                                    0x080017b9   Thumb Code    54  ffix.o(x$fpl$ffix)
    __aeabi_i2f                              0x080017f1   Thumb Code     0  fflt_clz.o(x$fpl$fflt)
    _fflt                                    0x080017f1   Thumb Code    48  fflt_clz.o(x$fpl$fflt)
    __aeabi_fmul                             0x08001821   Thumb Code     0  fmul.o(x$fpl$fmul)
    _fmul                                    0x08001821   Thumb Code   258  fmul.o(x$fpl$fmul)
    __fpl_fnaninf                            0x08001923   Thumb Code   140  fnaninf.o(x$fpl$fnaninf)
    __fpl_fretinf                            0x080019af   Thumb Code    10  fretinf.o(x$fpl$fretinf)
    __aeabi_fsub                             0x080019b9   Thumb Code     0  faddsub_clz.o(x$fpl$fsub)
    _fsub                                    0x080019b9   Thumb Code   234  faddsub_clz.o(x$fpl$fsub)
    __I$use$fp                               0x08001aa2   Number         0  usenofp.o(x$fpl$usenofp)
    Region$$Table$$Base                      0x08001aa4   Number         0  anon$$obj.o(Region$$Table)
    Region$$Table$$Limit                     0x08001ac4   Number         0  anon$$obj.o(Region$$Table)
    SHT$$INIT_ARRAY$$Base                    0x08001ac4   Number         0  led.o(.init_array)
    SHT$$INIT_ARRAY$$Limit                   0x08001acc   Number         0  init_aeabi.o(.init_array)
    targetAC                                 0x20000014   Data           1  car.o(.data.targetAC)
    targetB                                  0x20000015   Data           1  car.o(.data.targetB)
    __libspace_start                         0x20000018   Data          96  libspace.o(.bss)
    __temporary_stack_top$libspace           0x20000078   Data           0  libspace.o(.bss)
    delay3                                   0x200000d8   Data           4  main.o(.bss.delay3)
    delayO2I                                 0x200000dc   Data           4  main.o(.bss.delayO2I)
    delayY                                   0x200000e0   Data           4  main.o(.bss.delayY)
    delay_readyForB                          0x200000e4   Data           4  car.o(.bss.delay_readyForB)



==============================================================================

Memory Map of the image

  Image Entry point : 0x08000195

  Load Region LR_1 (Base: 0x08000000, Size: 0x00001ae4, Max: 0xffffffff, ABSOLUTE)

    Execution Region ER_RO (Exec base: 0x08000000, Load base: 0x08000000, Size: 0x00001acc, Max: 0xffffffff, ABSOLUTE)

    Exec Addr    Load Addr    Size         Type   Attr      Idx    E Section Name        Object

    0x08000000   0x08000000   0x000000ec   Data   RO          747    RESET               startup_stm32f10x_md.o
    0x080000ec   0x080000ec   0x00000008   Code   RO          807  * !!!main             c_w.l(__main.o)
    0x080000f4   0x080000f4   0x00000034   Code   RO         1012    !!!scatter          c_w.l(__scatter.o)
    0x08000128   0x08000128   0x0000001a   Code   RO         1014    !!handler_copy      c_w.l(__scatter_copy.o)
    0x08000142   0x08000142   0x00000002   PAD
    0x08000144   0x08000144   0x0000001c   Code   RO         1016    !!handler_zi        c_w.l(__scatter_zi.o)
    0x08000160   0x08000160   0x00000000   Code   RO          802    .ARM.Collect$$_printf_percent$$00000000  c_w.l(_printf_percent.o)
    0x08000160   0x08000160   0x00000006   Code   RO          801    .ARM.Collect$$_printf_percent$$00000009  c_w.l(_printf_d.o)
    0x08000166   0x08000166   0x00000004   Code   RO          840    .ARM.Collect$$_printf_percent$$00000017  c_w.l(_printf_percent_end.o)
    0x0800016a   0x0800016a   0x00000002   Code   RO          929    .ARM.Collect$$libinit$$00000000  c_w.l(libinit.o)
    0x0800016c   0x0800016c   0x00000000   Code   RO          842    .ARM.Collect$$libinit$$00000002  c_w.l(libinit2.o)
    0x0800016c   0x0800016c   0x00000000   Code   RO          844    .ARM.Collect$$libinit$$00000004  c_w.l(libinit2.o)
    0x0800016c   0x0800016c   0x00000000   Code   RO          847    .ARM.Collect$$libinit$$0000000A  c_w.l(libinit2.o)
    0x0800016c   0x0800016c   0x00000000   Code   RO          849    .ARM.Collect$$libinit$$0000000C  c_w.l(libinit2.o)
    0x0800016c   0x0800016c   0x00000000   Code   RO          851    .ARM.Collect$$libinit$$0000000E  c_w.l(libinit2.o)
    0x0800016c   0x0800016c   0x00000000   Code   RO          854    .ARM.Collect$$libinit$$00000011  c_w.l(libinit2.o)
    0x0800016c   0x0800016c   0x00000000   Code   RO          856    .ARM.Collect$$libinit$$00000013  c_w.l(libinit2.o)
    0x0800016c   0x0800016c   0x00000000   Code   RO          858    .ARM.Collect$$libinit$$00000015  c_w.l(libinit2.o)
    0x0800016c   0x0800016c   0x00000000   Code   RO          860    .ARM.Collect$$libinit$$00000017  c_w.l(libinit2.o)
    0x0800016c   0x0800016c   0x00000000   Code   RO          862    .ARM.Collect$$libinit$$00000019  c_w.l(libinit2.o)
    0x0800016c   0x0800016c   0x00000000   Code   RO          864    .ARM.Collect$$libinit$$0000001B  c_w.l(libinit2.o)
    0x0800016c   0x0800016c   0x00000000   Code   RO          866    .ARM.Collect$$libinit$$0000001D  c_w.l(libinit2.o)
    0x0800016c   0x0800016c   0x00000000   Code   RO          868    .ARM.Collect$$libinit$$0000001F  c_w.l(libinit2.o)
    0x0800016c   0x0800016c   0x00000000   Code   RO          870    .ARM.Collect$$libinit$$00000021  c_w.l(libinit2.o)
    0x0800016c   0x0800016c   0x00000000   Code   RO          872    .ARM.Collect$$libinit$$00000023  c_w.l(libinit2.o)
    0x0800016c   0x0800016c   0x00000000   Code   RO          874    .ARM.Collect$$libinit$$00000025  c_w.l(libinit2.o)
    0x0800016c   0x0800016c   0x00000000   Code   RO          878    .ARM.Collect$$libinit$$0000002C  c_w.l(libinit2.o)
    0x0800016c   0x0800016c   0x00000000   Code   RO          880    .ARM.Collect$$libinit$$0000002E  c_w.l(libinit2.o)
    0x0800016c   0x0800016c   0x00000000   Code   RO          882    .ARM.Collect$$libinit$$00000030  c_w.l(libinit2.o)
    0x0800016c   0x0800016c   0x00000004   Code   RO          883    .ARM.Collect$$libinit$$00000031  c_w.l(libinit2.o)
    0x08000170   0x08000170   0x00000000   Code   RO          884    .ARM.Collect$$libinit$$00000032  c_w.l(libinit2.o)
    0x08000170   0x08000170   0x00000002   Code   RO          885    .ARM.Collect$$libinit$$00000033  c_w.l(libinit2.o)
    0x08000172   0x08000172   0x00000002   Code   RO          971    .ARM.Collect$$libshutdown$$00000000  c_w.l(libshutdown.o)
    0x08000174   0x08000174   0x00000000   Code   RO          979    .ARM.Collect$$libshutdown$$00000002  c_w.l(libshutdown2.o)
    0x08000174   0x08000174   0x00000000   Code   RO          981    .ARM.Collect$$libshutdown$$00000004  c_w.l(libshutdown2.o)
    0x08000174   0x08000174   0x00000000   Code   RO          984    .ARM.Collect$$libshutdown$$00000007  c_w.l(libshutdown2.o)
    0x08000174   0x08000174   0x00000000   Code   RO          987    .ARM.Collect$$libshutdown$$0000000A  c_w.l(libshutdown2.o)
    0x08000174   0x08000174   0x00000000   Code   RO          989    .ARM.Collect$$libshutdown$$0000000C  c_w.l(libshutdown2.o)
    0x08000174   0x08000174   0x00000000   Code   RO          992    .ARM.Collect$$libshutdown$$0000000F  c_w.l(libshutdown2.o)
    0x08000174   0x08000174   0x00000002   Code   RO          993    .ARM.Collect$$libshutdown$$00000010  c_w.l(libshutdown2.o)
    0x08000176   0x08000176   0x00000000   Code   RO          833    .ARM.Collect$$rtentry$$00000000  c_w.l(__rtentry.o)
    0x08000176   0x08000176   0x00000000   Code   RO          896    .ARM.Collect$$rtentry$$00000002  c_w.l(__rtentry2.o)
    0x08000176   0x08000176   0x00000006   Code   RO          908    .ARM.Collect$$rtentry$$00000004  c_w.l(__rtentry4.o)
    0x0800017c   0x0800017c   0x00000000   Code   RO          898    .ARM.Collect$$rtentry$$00000009  c_w.l(__rtentry2.o)
    0x0800017c   0x0800017c   0x00000004   Code   RO          899    .ARM.Collect$$rtentry$$0000000A  c_w.l(__rtentry2.o)
    0x08000180   0x08000180   0x00000000   Code   RO          901    .ARM.Collect$$rtentry$$0000000C  c_w.l(__rtentry2.o)
    0x08000180   0x08000180   0x00000008   Code   RO          902    .ARM.Collect$$rtentry$$0000000D  c_w.l(__rtentry2.o)
    0x08000188   0x08000188   0x00000002   Code   RO          937    .ARM.Collect$$rtexit$$00000000  c_w.l(rtexit.o)
    0x0800018a   0x0800018a   0x00000000   Code   RO          949    .ARM.Collect$$rtexit$$00000002  c_w.l(rtexit2.o)
    0x0800018a   0x0800018a   0x00000004   Code   RO          950    .ARM.Collect$$rtexit$$00000003  c_w.l(rtexit2.o)
    0x0800018e   0x0800018e   0x00000006   Code   RO          951    .ARM.Collect$$rtexit$$00000004  c_w.l(rtexit2.o)
    0x08000194   0x08000194   0x00000040   Code   RO          748  * .text               startup_stm32f10x_md.o
    0x080001d4   0x080001d4   0x00000078   Code   RO          779    .text               c_w.l(_printf_dec.o)
    0x0800024c   0x0800024c   0x0000004e   Code   RO          803    .text               c_w.l(rt_memclr_w.o)
    0x0800029a   0x0800029a   0x00000006   Code   RO          805    .text               c_w.l(heapauxi.o)
    0x080002a0   0x080002a0   0x00000024   Code   RO          812    .text               c_w.l(init_aeabi.o)
    0x080002c4   0x080002c4   0x000000b2   Code   RO          834    .text               c_w.l(_printf_intcommon.o)
    0x08000376   0x08000376   0x0000004a   Code   RO          916    .text               c_w.l(sys_stackheap_outer.o)
    0x080003c0   0x080003c0   0x00000012   Code   RO          918    .text               c_w.l(exit.o)
    0x080003d2   0x080003d2   0x00000002   PAD
    0x080003d4   0x080003d4   0x00000008   Code   RO          934    .text               c_w.l(libspace.o)
    0x080003dc   0x080003dc   0x00000002   Code   RO          945    .text               c_w.l(use_no_semi.o)
    0x080003de   0x080003de   0x00000000   Code   RO          947    .text               c_w.l(indicate_semi.o)
    0x080003de   0x080003de   0x00000002   PAD
    0x080003e0   0x080003e0   0x0000000c   Code   RO          961    .text               c_w.l(sys_exit.o)
    0x080003ec   0x080003ec   0x00000066   Code   RO          129    .text.SPI1_IRQHandler  tim1.o
    0x08000452   0x08000452   0x00000002   PAD
    0x08000454   0x08000454   0x00000008   Code   RO          756    .text.SetSysClock   system_stm32f10x.o
    0x0800045c   0x0800045c   0x000000be   Code   RO          760    .text.SetSysClockTo72  system_stm32f10x.o
    0x0800051a   0x0800051a   0x00000002   PAD
    0x0800051c   0x0800051c   0x00000056   Code   RO          754    .text.SystemInit    system_stm32f10x.o
    0x08000572   0x08000572   0x00000002   PAD
    0x08000574   0x08000574   0x0000003a   Code   RO          127    .text.TIM1_UP_IRQHandler  tim1.o
    0x080005ae   0x080005ae   0x00000002   PAD
    0x080005b0   0x080005b0   0x00000010   Code   RO          175    .text.USART2_IRQHandler  uart.o
    0x080005c0   0x080005c0   0x00000010   Code   RO          177    .text.USART3_IRQHandler  uart.o
    0x080005d0   0x080005d0   0x00000010   Code   RO           81    .text._GLOBAL__sub_I_led.cpp  led.o
    0x080005e0   0x080005e0   0x00000008   Code   RO          155    .text._GLOBAL__sub_I_tim1.cpp  tim1.o
    0x080005e8   0x080005e8   0x00000028   Code   RO           79    .text._Z3led9led_color9led_state  led.o
    0x08000610   0x08000610   0x00000028   Code   RO           77    .text._Z3ledv       led.o
    0x08000638   0x08000638   0x00000038   Code   RO           44    .text._Z4movebjbj   car.o
    0x08000670   0x08000670   0x000000cc   Code   RO          114    .text._Z4sr04j      sr04.o
    0x0800073c   0x0800073c   0x0000002c   Code   RO          137    .text._Z4waitj      tim1.o
    0x08000768   0x08000768   0x00000044   Code   RO            6    .text._Z6buttonv    button.o
    0x080007ac   0x080007ac   0x0000000c   Code   RO          149    .text._Z7getPathv   tim1.o
    0x080007b8   0x080007b8   0x0000000c   Code   RO          139    .text._Z7pwmLeftj   tim1.o
    0x080007c4   0x080007c4   0x00000022   Code   RO          143    .text._Z7setLeftb   tim1.o
    0x080007e6   0x080007e6   0x00000002   PAD
    0x080007e8   0x080007e8   0x0000000c   Code   RO          141    .text._Z8pwmRightj  tim1.o
    0x080007f4   0x080007f4   0x00000022   Code   RO          145    .text._Z8setRightb  tim1.o
    0x08000816   0x08000816   0x00000002   PAD
    0x08000818   0x08000818   0x0000001c   Code   RO           97    .text._Z9on_buttonb  main.o
    0x08000834   0x08000834   0x00000020   Code   RO          133    .text._ZL16__NVIC_EnableIRQ4IRQn  tim1.o
    0x08000854   0x08000854   0x0000007c   Code   RO           26    .text._ZN3Car10checkFlagBEv  car.o
    0x080008d0   0x080008d0   0x00000076   Code   RO           22    .text._ZN3Car10checkFlagYEv  car.o
    0x08000946   0x08000946   0x00000002   PAD
    0x08000948   0x08000948   0x00000074   Code   RO           18    .text._ZN3Car12checkFlagY_2Ev  car.o
    0x080009bc   0x080009bc   0x0000003c   Code   RO           34    .text._ZN3Car12track_detectEv  car.o
    0x080009f8   0x080009f8   0x00000006   Code   RO           46    .text._ZN3Car16changeBasicSpeedEjj  car.o
    0x080009fe   0x080009fe   0x00000002   PAD
    0x08000a00   0x08000a00   0x000001ca   Code   RO           24    .text._ZN3Car20calculateError_innerEv  car.o
    0x08000bca   0x08000bca   0x00000002   PAD
    0x08000bcc   0x08000bcc   0x00000252   Code   RO           38    .text._ZN3Car20calculateError_outerEv  car.o
    0x08000e1e   0x08000e1e   0x00000002   PAD
    0x08000e20   0x08000e20   0x000001b4   Code   RO           20    .text._ZN3Car24calculateError_innerYKDJEv  car.o
    0x08000fd4   0x08000fd4   0x000001ca   Code   RO           28    .text._ZN3Car24calculateError_readyForBEv  car.o
    0x0800119e   0x0800119e   0x00000002   PAD
    0x080011a0   0x080011a0   0x00000074   Code   RO           42    .text._ZN3Car7trackerEv  car.o
    0x08001214   0x08001214   0x00000004   Code   RO           52    .text._ZN3Car8setStateE5state  car.o
    0x08001218   0x08001218   0x00000014   Code   RO           48    .text._ZN3Car9changePIDEiii  car.o
    0x0800122c   0x0800122c   0x0000004a   Code   RO           32    .text._ZN3CarC2Ejjifi  car.o
    0x08001276   0x08001276   0x00000002   PAD
    0x08001278   0x08001278   0x0000006e   Code   RO           73    .text._ZN3Led3setE9led_state  led.o
    0x080012e6   0x080012e6   0x00000002   PAD
    0x080012e8   0x080012e8   0x0000002a   Code   RO           75    .text._ZN3Led6tictacEv  led.o
    0x08001312   0x08001312   0x00000002   PAD
    0x08001314   0x08001314   0x00000018   Code   RO           71    .text._ZN3LedC2EP12GPIO_TypeDefi  led.o
    0x0800132c   0x0800132c   0x0000002c   Code   RO          193    .text._ZN4Uart3isrEv  uart.o
    0x08001358   0x08001358   0x00000024   Code   RO          135    .text._ZN5Timer4pollEv  tim1.o
    0x0800137c   0x0800137c   0x00000160   Code   RO          131    .text._ZN5TimerC2Ev  tim1.o
    0x080014dc   0x080014dc   0x0000001a   Code   RO           65    .text.__cxx_global_var_init  led.o
    0x080014f6   0x080014f6   0x00000002   PAD
    0x080014f8   0x080014f8   0x00000010   Code   RO          125    .text.__cxx_global_var_init  tim1.o
    0x08001508   0x08001508   0x0000001a   Code   RO           67    .text.__cxx_global_var_init.1  led.o
    0x08001522   0x08001522   0x00000002   PAD
    0x08001524   0x08001524   0x0000001a   Code   RO           69    .text.__cxx_global_var_init.2  led.o
    0x0800153e   0x0800153e   0x00000002   PAD
    0x08001540   0x08001540   0x000001b4   Code   RO           95    .text.main          main.o
    0x080016f4   0x080016f4   0x000000c4   Code   RO          815    x$fpl$fadd          fz_ws.l(faddsub_clz.o)
    0x080017b8   0x080017b8   0x00000036   Code   RO          821    x$fpl$ffix          fz_ws.l(ffix.o)
    0x080017ee   0x080017ee   0x00000002   PAD
    0x080017f0   0x080017f0   0x00000030   Code   RO          826    x$fpl$fflt          fz_ws.l(fflt_clz.o)
    0x08001820   0x08001820   0x00000102   Code   RO          831    x$fpl$fmul          fz_ws.l(fmul.o)
    0x08001922   0x08001922   0x0000008c   Code   RO          890    x$fpl$fnaninf       fz_ws.l(fnaninf.o)
    0x080019ae   0x080019ae   0x0000000a   Code   RO          892    x$fpl$fretinf       fz_ws.l(fretinf.o)
    0x080019b8   0x080019b8   0x000000ea   Code   RO          817    x$fpl$fsub          fz_ws.l(faddsub_clz.o)
    0x08001aa2   0x08001aa2   0x00000000   Code   RO          894    x$fpl$usenofp       fz_ws.l(usenofp.o)
    0x08001aa2   0x08001aa2   0x00000002   PAD
    0x08001aa4   0x08001aa4   0x00000020   Data   RO         1011    Region$$Table       anon$$obj.o
    0x08001ac4   0x08001ac4   0x00000004   Data   RO           86    .init_array         led.o
    0x08001ac8   0x08001ac4   0x00000004   Data   RO          158    .init_array         tim1.o
    0x08001acc   0x08001ac4   0x00000000   Data   RO          810    .init_array         c_w.l(init_aeabi.o)


    Execution Region ER_RW (Exec base: 0x20000000, Load base: 0x08001acc, Size: 0x00000018, Max: 0xffffffff, ABSOLUTE)

    Exec Addr    Load Addr    Size         Type   Attr      Idx    E Section Name        Object

    0x20000000   0x08001acc   0x00000004   Data   RW            8    .data._ZL3key       button.o
    0x20000004   0x08001ad0   0x00000008   Data   RW          179    .data._ZL5uart2     uart.o
    0x2000000c   0x08001ad8   0x00000008   Data   RW          180    .data._ZL5uart3     uart.o
    0x20000014   0x08001ae0   0x00000001   Data   RW           55    .data.targetAC      car.o
    0x20000015   0x08001ae1   0x00000001   Data   RW           56    .data.targetB       car.o


    Execution Region ER_ZI (Exec base: 0x20000018, Load base: 0x08001ae4, Size: 0x000006d0, Max: 0xffffffff, ABSOLUTE)

    Exec Addr    Load Addr    Size         Type   Attr      Idx    E Section Name        Object

    0x20000018        -       0x00000060   Zero   RW          935    .bss                c_w.l(libspace.o)
    0x20000078        -       0x00000014   Zero   RW           83    .bss._ZL4blue       led.o
    0x2000008c        -       0x00000014   Zero   RW           84    .bss._ZL5green      led.o
    0x200000a0        -       0x00000018   Zero   RW          157    .bss._ZL5timer      tim1.o
    0x200000b8        -       0x00000014   Zero   RW           85    .bss._ZL6yellow     led.o
    0x200000cc        -       0x00000004   Zero   RW          116    .bss._ZL8distance   sr04.o
    0x200000d0        -       0x00000004   Zero   RW            9    .bss._ZZ6buttonvE5count  button.o
    0x200000d4        -       0x00000004   Zero   RW          102    .bss._ZZ9on_buttonbE5state  main.o
    0x200000d8        -       0x00000004   Zero   RW          101    .bss.delay3         main.o
    0x200000dc        -       0x00000004   Zero   RW           99    .bss.delayO2I       main.o
    0x200000e0        -       0x00000004   Zero   RW          100    .bss.delayY         main.o
    0x200000e4        -       0x00000004   Zero   RW           54    .bss.delay_readyForB  car.o
    0x200000e8        -       0x00000200   Zero   RW          746    HEAP                startup_stm32f10x_md.o
    0x200002e8        -       0x00000400   Zero   RW          745    STACK               startup_stm32f10x_md.o


==============================================================================

Image component sizes


      Code (inc. data)   RO Data    RW Data    ZI Data      Debug   Object Name

        68          0          0          4          4       2214   button.o
      2640          0          0          2          4      13191   car.o
       350         22          4          0         60       3817   led.o
       464          8          0          0         16       7617   main.o
       204          0          0          0          4       2855   sr04.o
        64         26        236          0       1536        836   startup_stm32f10x_md.o
       284          0          0          0          0       2828   system_stm32f10x.o
       752          0          4          0         24       8006   tim1.o
        76          0          0         16          0       3569   uart.o

    ----------------------------------------------------------------------
      4936         56        276         24       1648      44933   Object Totals
         0          0         32          0          0          0   (incl. Generated)
        34          0          0          2          0          0   (incl. Padding)

    ----------------------------------------------------------------------

      Code (inc. data)   RO Data    RW Data    ZI Data      Debug   Library Member Name

         8          0          0          0          0         68   __main.o
         0          0          0          0          0          0   __rtentry.o
        12          0          0          0          0          0   __rtentry2.o
         6          0          0          0          0          0   __rtentry4.o
        52          8          0          0          0          0   __scatter.o
        26          0          0          0          0          0   __scatter_copy.o
        28          0          0          0          0          0   __scatter_zi.o
         6          0          0          0          0          0   _printf_d.o
       120         16          0          0          0         92   _printf_dec.o
       178          0          0          0          0         88   _printf_intcommon.o
         0          0          0          0          0          0   _printf_percent.o
         4          0          0          0          0          0   _printf_percent_end.o
        18          0          0          0          0         80   exit.o
         6          0          0          0          0        152   heapauxi.o
         0          0          0          0          0          0   indicate_semi.o
        36          8          0          0          0         80   init_aeabi.o
         2          0          0          0          0          0   libinit.o
         6          0          0          0          0          0   libinit2.o
         2          0          0          0          0          0   libshutdown.o
         2          0          0          0          0          0   libshutdown2.o
         8          4          0          0         96         68   libspace.o
        78          0          0          0          0         80   rt_memclr_w.o
         2          0          0          0          0          0   rtexit.o
        10          0          0          0          0          0   rtexit2.o
        12          4          0          0          0         68   sys_exit.o
        74          0          0          0          0         80   sys_stackheap_outer.o
         2          0          0          0          0         68   use_no_semi.o
       430          8          0          0          0        168   faddsub_clz.o
        54          4          0          0          0         84   ffix.o
        48          0          0          0          0         68   fflt_clz.o
       258          4          0          0          0         84   fmul.o
       140          4          0          0          0         84   fnaninf.o
        10          0          0          0          0         68   fretinf.o
         0          0          0          0          0          0   usenofp.o

    ----------------------------------------------------------------------
      1648         60          0          0         96       1480   Library Totals
        10          0          0          0          0          0   (incl. Padding)

    ----------------------------------------------------------------------

      Code (inc. data)   RO Data    RW Data    ZI Data      Debug   Library Name

       698         40          0          0         96        924   c_w.l
       940         20          0          0          0        556   fz_ws.l

    ----------------------------------------------------------------------
      1648         60          0          0         96       1480   Library Totals

    ----------------------------------------------------------------------

==============================================================================


      Code (inc. data)   RO Data    RW Data    ZI Data      Debug   

      6584        116        276         24       1744      45621   Grand Totals
      6584        116        276         24       1744      45621   ELF Image Totals
      6584        116        276         24          0          0   ROM Totals

==============================================================================

    Total RO  Size (Code + RO Data)                 6860 (   6.70kB)
    Total RW  Size (RW Data + ZI Data)              1768 (   1.73kB)
    Total ROM Size (Code + RO Data + RW Data)       6884 (   6.72kB)

==============================================================================

